
> a2z-workhub@1.0.0 build
> next build

  Γû▓ Next.js 14.2.35

   Creating an optimized production build ...
 Γ£ô Compiled successfully
   Skipping validation of types
   Linting ...
   Collecting page data ...
   Generating static pages (0/52) ...
   Generating static pages (13/52) 
node.exe : Error: 
@supabase/ssr: Your 
project's URL and API 
key are required to 
create a Supabase client!
At line:1 char:1
+ & "C:\Program 
Files\nodejs/node.exe" 
"C:\Program 
Files\nodejs/node_mo ...
+ ~~~~~~~~~~~~~~~~~~~~~~~
~~~~~~~~~~~~~~~~~~~~~~~~~
~~~~~~~~~~~~~~~~~~~~~
    + CategoryInfo       
       : NotSpecified:   
  (Error: @supabas...u   
 pabase client!:Strin    
g) [], RemoteExcepti    
on
    + FullyQualifiedErro 
   rId : NativeCommandE  
  rror
 

Check your Supabase 
project's API settings 
to find these values

https://supabase.com/dash
board/project/_/settings/
api
    at rQ (D:\07.API\Quan
lycongviec\.next\server\c
hunks\120.js:37:55872)
    at n (D:\07.API\Quanl
ycongviec\.next\server\ch
unks\9806.js:12:3624)
    at 59919 (D:\07.API\Q
uanlycongviec\.next\serve
r\chunks\9806.js:1:2072)
    at t (D:\07.API\Quanl
ycongviec\.next\server\we
bpack-runtime.js:1:142)
    at 79328 (D:\07.API\Q
uanlycongviec\.next\serve
r\chunks\9806.js:1:1913)
    at Object.t [as 
require] (D:\07.API\Quanl
ycongviec\.next\server\we
bpack-runtime.js:1:142)
    at require (D:\07.API
\Quanlycongviec\node_modu
les\next\dist\compiled\ne
xt-server\app-page.runtim
e.prod.js:17:18811)
    at A (D:\07.API\Quanl
ycongviec\node_modules\ne
xt\dist\compiled\next-ser
ver\app-page.runtime.prod
.js:12:94398)
    at R (D:\07.API\Quanl
ycongviec\node_modules\ne
xt\dist\compiled\next-ser
ver\app-page.runtime.prod
.js:12:92949)
    at rR (D:\07.API\Quan
lycongviec\node_modules\n
ext\dist\compiled\next-se
rver\app-page.runtime.pro
d.js:12:33975) {
  digest: '3525355699'
}

Error occurred 
prerendering page 
"/accept-invite". Read 
more: https://nextjs.org/
docs/messages/prerender-e
rror

Error: @supabase/ssr: 
Your project's URL and 
API key are required to 
create a Supabase client!

Check your Supabase 
project's API settings 
to find these values

https://supabase.com/dash
board/project/_/settings/
api
    at rQ (D:\07.API\Quan
lycongviec\.next\server\c
hunks\120.js:37:55872)
    at n (D:\07.API\Quanl
ycongviec\.next\server\ch
unks\9806.js:12:3624)
    at 59919 (D:\07.API\Q
uanlycongviec\.next\serve
r\chunks\9806.js:1:2072)
    at t (D:\07.API\Quanl
ycongviec\.next\server\we
bpack-runtime.js:1:142)
    at 79328 (D:\07.API\Q
uanlycongviec\.next\serve
r\chunks\9806.js:1:1913)
    at Object.t [as 
require] (D:\07.API\Quanl
ycongviec\.next\server\we
bpack-runtime.js:1:142)
    at require (D:\07.API
\Quanlycongviec\node_modu
les\next\dist\compiled\ne
xt-server\app-page.runtim
e.prod.js:17:18811)
    at A (D:\07.API\Quanl
ycongviec\node_modules\ne
xt\dist\compiled\next-ser
ver\app-page.runtime.prod
.js:12:94398)
    at R (D:\07.API\Quanl
ycongviec\node_modules\ne
xt\dist\compiled\next-ser
ver\app-page.runtime.prod
.js:12:92949)
    at rR (D:\07.API\Quan
lycongviec\node_modules\n
ext\dist\compiled\next-se
rver\app-page.runtime.pro
d.js:12:33975)
Error: @supabase/ssr: 
Your project's URL and 
API key are required to 
create a Supabase client!

Check your Supabase 
project's API settings 
to find these values

https://supabase.com/dash
board/project/_/settings/
api
    at rQ (D:\07.API\Quan
lycongviec\.next\server\c
hunks\120.js:37:55872)
    at n (D:\07.API\Quanl
ycongviec\.next\server\ch
unks\9806.js:12:3624)
    at 59919 (D:\07.API\Q
uanlycongviec\.next\serve
r\chunks\9806.js:1:2072)
    at t (D:\07.API\Quanl
ycongviec\.next\server\we
bpack-runtime.js:1:142)
    at 79328 (D:\07.API\Q
uanlycongviec\.next\serve
r\chunks\9806.js:1:1913)
    at Object.t [as 
require] (D:\07.API\Quanl
ycongviec\.next\server\we
bpack-runtime.js:1:142)
    at require (D:\07.API
\Quanlycongviec\node_modu
les\next\dist\compiled\ne
xt-server\app-page.runtim
e.prod.js:17:18811)
    at A (D:\07.API\Quanl
ycongviec\node_modules\ne
xt\dist\compiled\next-ser
ver\app-page.runtime.prod
.js:12:94398)
    at R (D:\07.API\Quanl
ycongviec\node_modules\ne
xt\dist\compiled\next-ser
ver\app-page.runtime.prod
.js:12:92949)
    at rR (D:\07.API\Quan
lycongviec\node_modules\n
ext\dist\compiled\next-se
rver\app-page.runtime.pro
d.js:12:33975) {
  digest: '3525355699'
}

Error occurred 
prerendering page 
"/_not-found". Read 
more: https://nextjs.org/
docs/messages/prerender-e
rror

Error: @supabase/ssr: 
Your project's URL and 
API key are required to 
create a Supabase client!

Check your Supabase 
project's API settings 
to find these values

https://supabase.com/dash
board/project/_/settings/
api
    at rQ (D:\07.API\Quan
lycongviec\.next\server\c
hunks\120.js:37:55872)
    at n (D:\07.API\Quanl
ycongviec\.next\server\ch
unks\9806.js:12:3624)
    at 59919 (D:\07.API\Q
uanlycongviec\.next\serve
r\chunks\9806.js:1:2072)
    at t (D:\07.API\Quanl
ycongviec\.next\server\we
bpack-runtime.js:1:142)
    at 79328 (D:\07.API\Q
uanlycongviec\.next\serve
r\chunks\9806.js:1:1913)
    at Object.t [as 
require] (D:\07.API\Quanl
ycongviec\.next\server\we
bpack-runtime.js:1:142)
    at require (D:\07.API
\Quanlycongviec\node_modu
les\next\dist\compiled\ne
xt-server\app-page.runtim
e.prod.js:17:18811)
    at A (D:\07.API\Quanl
ycongviec\node_modules\ne
xt\dist\compiled\next-ser
ver\app-page.runtime.prod
.js:12:94398)
    at R (D:\07.API\Quanl
ycongviec\node_modules\ne
xt\dist\compiled\next-ser
ver\app-page.runtime.prod
.js:12:92949)
    at rR (D:\07.API\Quan
lycongviec\node_modules\n
ext\dist\compiled\next-se
rver\app-page.runtime.pro
d.js:12:33975)
Error: @supabase/ssr: 
Your project's URL and 
API key are required to 
create a Supabase client!

Check your Supabase 
project's API settings 
to find these values

https://supabase.com/dash
board/project/_/settings/
api
    at rQ (D:\07.API\Quan
lycongviec\.next\server\c
hunks\120.js:37:55872)
    at n (D:\07.API\Quanl
ycongviec\.next\server\ch
unks\9806.js:12:3624)
    at 39561 (D:\07.API\Q
uanlycongviec\.next\serve
r\chunks\2647.js:1:16964)
    at t (D:\07.API\Quanl
ycongviec\.next\server\we
bpack-runtime.js:1:142)
    at 62516 (D:\07.API\Q
uanlycongviec\.next\serve
r\app\(dashboard)\goals\n
ew\page.js:1:2294)
    at Object.t [as 
require] (D:\07.API\Quanl
ycongviec\.next\server\we
bpack-runtime.js:1:142)
    at require (D:\07.API
\Quanlycongviec\node_modu
les\next\dist\compiled\ne
xt-server\app-page.runtim
e.prod.js:17:18811)
    at s (D:\07.API\Quanl
ycongviec\node_modules\ne
xt\dist\compiled\next-ser
ver\app-page.runtime.prod
.js:12:88330)
    at D:\07.API\Quanlyco
ngviec\node_modules\next\
dist\compiled\next-server
\app-page.runtime.prod.js
:12:98875
    at D:\07.API\Quanlyco
ngviec\node_modules\next\
dist\compiled\next-server
\app-page.runtime.prod.js
:12:98962 {
  digest: '2034559273'
}

Error occurred 
prerendering page 
"/goals/new". Read more: 
https://nextjs.org/docs/m
essages/prerender-error

Error: @supabase/ssr: 
Your project's URL and 
API key are required to 
create a Supabase client!

Check your Supabase 
project's API settings 
to find these values

https://supabase.com/dash
board/project/_/settings/
api
    at rQ (D:\07.API\Quan
lycongviec\.next\server\c
hunks\120.js:37:55872)
    at n (D:\07.API\Quanl
ycongviec\.next\server\ch
unks\9806.js:12:3624)
    at 39561 (D:\07.API\Q
uanlycongviec\.next\serve
r\chunks\2647.js:1:16964)
    at t (D:\07.API\Quanl
ycongviec\.next\server\we
bpack-runtime.js:1:142)
    at 62516 (D:\07.API\Q
uanlycongviec\.next\serve
r\app\(dashboard)\goals\n
ew\page.js:1:2294)
    at Object.t [as 
require] (D:\07.API\Quanl
ycongviec\.next\server\we
bpack-runtime.js:1:142)
    at require (D:\07.API
\Quanlycongviec\node_modu
les\next\dist\compiled\ne
xt-server\app-page.runtim
e.prod.js:17:18811)
    at s (D:\07.API\Quanl
ycongviec\node_modules\ne
xt\dist\compiled\next-ser
ver\app-page.runtime.prod
.js:12:88330)
    at D:\07.API\Quanlyco
ngviec\node_modules\next\
dist\compiled\next-server
\app-page.runtime.prod.js
:12:98875
    at D:\07.API\Quanlyco
ngviec\node_modules\next\
dist\compiled\next-server
\app-page.runtime.prod.js
:12:98962
Error: @supabase/ssr: 
Your project's URL and 
API key are required to 
create a Supabase client!

Check your Supabase 
project's API settings 
to find these values

https://supabase.com/dash
board/project/_/settings/
api
    at rQ (D:\07.API\Quan
lycongviec\.next\server\c
hunks\120.js:37:55872)
    at n (D:\07.API\Quanl
ycongviec\.next\server\ch
unks\9806.js:12:3624)
    at 39561 (D:\07.API\Q
uanlycongviec\.next\serve
r\chunks\2647.js:1:16964)
    at t (D:\07.API\Quanl
ycongviec\.next\server\we
bpack-runtime.js:1:142)
    at 51541 (D:\07.API\Q
uanlycongviec\.next\serve
r\app\(dashboard)\goals\p
age.js:1:2261)
    at Object.t [as 
require] (D:\07.API\Quanl
ycongviec\.next\server\we
bpack-runtime.js:1:142)
    at require (D:\07.API
\Quanlycongviec\node_modu
les\next\dist\compiled\ne
xt-server\app-page.runtim
e.prod.js:17:18811)
    at s (D:\07.API\Quanl
ycongviec\node_modules\ne
xt\dist\compiled\next-ser
ver\app-page.runtime.prod
.js:12:88330)
    at D:\07.API\Quanlyco
ngviec\node_modules\next\
dist\compiled\next-server
\app-page.runtime.prod.js
:12:98875
    at D:\07.API\Quanlyco
ngviec\node_modules\next\
dist\compiled\next-server
\app-page.runtime.prod.js
:12:98962 {
  digest: '2985600385'
}

Error occurred 
prerendering page 
"/goals". Read more: http
s://nextjs.org/docs/messa
ges/prerender-error

Error: @supabase/ssr: 
Your project's URL and 
API key are required to 
create a Supabase client!

Check your Supabase 
project's API settings 
to find these values

https://supabase.com/dash
board/project/_/settings/
api
    at rQ (D:\07.API\Quan
lycongviec\.next\server\c
hunks\120.js:37:55872)
    at n (D:\07.API\Quanl
ycongviec\.next\server\ch
unks\9806.js:12:3624)
    at 39561 (D:\07.API\Q
uanlycongviec\.next\serve
r\chunks\2647.js:1:16964)
    at t (D:\07.API\Quanl
ycongviec\.next\server\we
bpack-runtime.js:1:142)
    at 51541 (D:\07.API\Q
uanlycongviec\.next\serve
r\app\(dashboard)\goals\p
age.js:1:2261)
    at Object.t [as 
require] (D:\07.API\Quanl
ycongviec\.next\server\we
bpack-runtime.js:1:142)
    at require (D:\07.API
\Quanlycongviec\node_modu
les\next\dist\compiled\ne
xt-server\app-page.runtim
e.prod.js:17:18811)
    at s (D:\07.API\Quanl
ycongviec\node_modules\ne
xt\dist\compiled\next-ser
ver\app-page.runtime.prod
.js:12:88330)
    at D:\07.API\Quanlyco
ngviec\node_modules\next\
dist\compiled\next-server
\app-page.runtime.prod.js
:12:98875
    at D:\07.API\Quanlyco
ngviec\node_modules\next\
dist\compiled\next-server
\app-page.runtime.prod.js
:12:98962
Error: @supabase/ssr: 
Your project's URL and 
API key are required to 
create a Supabase client!

Check your Supabase 
project's API settings 
to find these values

https://supabase.com/dash
board/project/_/settings/
api
    at rQ (D:\07.API\Quan
lycongviec\.next\server\c
hunks\120.js:37:55872)
    at n (D:\07.API\Quanl
ycongviec\.next\server\ch
unks\9806.js:12:3624)
    at 39561 (D:\07.API\Q
uanlycongviec\.next\serve
r\chunks\2647.js:1:16964)
    at t (D:\07.API\Quanl
ycongviec\.next\server\we
bpack-runtime.js:1:142)
    at 41727 (D:\07.API\Q
uanlycongviec\.next\serve
r\chunks\2647.js:1:1268)
    at Object.t [as 
require] (D:\07.API\Quanl
ycongviec\.next\server\we
bpack-runtime.js:1:142)
    at require (D:\07.API
\Quanlycongviec\node_modu
les\next\dist\compiled\ne
xt-server\app-page.runtim
e.prod.js:17:18811)
    at s (D:\07.API\Quanl
ycongviec\node_modules\ne
xt\dist\compiled\next-ser
ver\app-page.runtime.prod
.js:12:88330)
    at D:\07.API\Quanlyco
ngviec\node_modules\next\
dist\compiled\next-server
\app-page.runtime.prod.js
:12:98875
    at D:\07.API\Quanlyco
ngviec\node_modules\next\
dist\compiled\next-server
\app-page.runtime.prod.js
:12:98962 {
  digest: '3789137158'
}

Error occurred 
prerendering page 
"/kpi/config". Read 
more: https://nextjs.org/
docs/messages/prerender-e
rror

Error: @supabase/ssr: 
Your project's URL and 
API key are required to 
create a Supabase client!

Check your Supabase 
project's API settings 
to find these values

https://supabase.com/dash
board/project/_/settings/
api
    at rQ (D:\07.API\Quan
lycongviec\.next\server\c
hunks\120.js:37:55872)
    at n (D:\07.API\Quanl
ycongviec\.next\server\ch
unks\9806.js:12:3624)
    at 39561 (D:\07.API\Q
uanlycongviec\.next\serve
r\chunks\2647.js:1:16964)
    at t (D:\07.API\Quanl
ycongviec\.next\server\we
bpack-runtime.js:1:142)
    at 41727 (D:\07.API\Q
uanlycongviec\.next\serve
r\chunks\2647.js:1:1268)
    at Object.t [as 
require] (D:\07.API\Quanl
ycongviec\.next\server\we
bpack-runtime.js:1:142)
    at require (D:\07.API
\Quanlycongviec\node_modu
les\next\dist\compiled\ne
xt-server\app-page.runtim
e.prod.js:17:18811)
    at s (D:\07.API\Quanl
ycongviec\node_modules\ne
xt\dist\compiled\next-ser
ver\app-page.runtime.prod
.js:12:88330)
    at D:\07.API\Quanlyco
ngviec\node_modules\next\
dist\compiled\next-server
\app-page.runtime.prod.js
:12:98875
    at D:\07.API\Quanlyco
ngviec\node_modules\next\
dist\compiled\next-server
\app-page.runtime.prod.js
:12:98962
Error: @supabase/ssr: 
Your project's URL and 
API key are required to 
create a Supabase client!

Check your Supabase 
project's API settings 
to find these values

https://supabase.com/dash
board/project/_/settings/
api
    at rQ (D:\07.API\Quan
lycongviec\.next\server\c
hunks\120.js:37:55872)
    at n (D:\07.API\Quanl
ycongviec\.next\server\ch
unks\9806.js:12:3624)
    at 19794 (D:\07.API\Q
uanlycongviec\.next\serve
r\app\(dashboard)\notific
ations\page.js:1:3175)
    at Object.t [as 
require] (D:\07.API\Quanl
ycongviec\.next\server\we
bpack-runtime.js:1:142)
    at require (D:\07.API
\Quanlycongviec\node_modu
les\next\dist\compiled\ne
xt-server\app-page.runtim
e.prod.js:17:18811)
    at s (D:\07.API\Quanl
ycongviec\node_modules\ne
xt\dist\compiled\next-ser
ver\app-page.runtime.prod
.js:12:88330)
    at D:\07.API\Quanlyco
ngviec\node_modules\next\
dist\compiled\next-server
\app-page.runtime.prod.js
:12:98875
    at D:\07.API\Quanlyco
ngviec\node_modules\next\
dist\compiled\next-server
\app-page.runtime.prod.js
:12:98962
    at t (D:\07.API\Quanl
ycongviec\node_modules\ne
xt\dist\compiled\next-ser
ver\app-page.runtime.prod
.js:12:99165) {
  digest: '3096122094'
}

Error occurred 
prerendering page 
"/notifications". Read 
more: https://nextjs.org/
docs/messages/prerender-e
rror

Error: @supabase/ssr: 
Your project's URL and 
API key are required to 
create a Supabase client!

Check your Supabase 
project's API settings 
to find these values

https://supabase.com/dash
board/project/_/settings/
api
    at rQ (D:\07.API\Quan
lycongviec\.next\server\c
hunks\120.js:37:55872)
    at n (D:\07.API\Quanl
ycongviec\.next\server\ch
unks\9806.js:12:3624)
    at 19794 (D:\07.API\Q
uanlycongviec\.next\serve
r\app\(dashboard)\notific
ations\page.js:1:3175)
    at Object.t [as 
require] (D:\07.API\Quanl
ycongviec\.next\server\we
bpack-runtime.js:1:142)
    at require (D:\07.API
\Quanlycongviec\node_modu
les\next\dist\compiled\ne
xt-server\app-page.runtim
e.prod.js:17:18811)
    at s (D:\07.API\Quanl
ycongviec\node_modules\ne
xt\dist\compiled\next-ser
ver\app-page.runtime.prod
.js:12:88330)
    at D:\07.API\Quanlyco
ngviec\node_modules\next\
dist\compiled\next-server
\app-page.runtime.prod.js
:12:98875
    at D:\07.API\Quanlyco
ngviec\node_modules\next\
dist\compiled\next-server
\app-page.runtime.prod.js
:12:98962
    at t (D:\07.API\Quanl
ycongviec\node_modules\ne
xt\dist\compiled\next-ser
ver\app-page.runtime.prod
.js:12:99165)
Error: @supabase/ssr: 
Your project's URL and 
API key are required to 
create a Supabase client!

Check your Supabase 
project's API settings 
to find these values

https://supabase.com/dash
board/project/_/settings/
api
    at rQ (D:\07.API\Quan
lycongviec\.next\server\c
hunks\120.js:37:55872)
    at n (D:\07.API\Quanl
ycongviec\.next\server\ch
unks\9806.js:12:3624)
    at 59919 (D:\07.API\Q
uanlycongviec\.next\serve
r\chunks\9806.js:1:2072)
    at t (D:\07.API\Quanl
ycongviec\.next\server\we
bpack-runtime.js:1:142)
    at 79328 (D:\07.API\Q
uanlycongviec\.next\serve
r\chunks\9806.js:1:1913)
    at Object.t [as 
require] (D:\07.API\Quanl
ycongviec\.next\server\we
bpack-runtime.js:1:142)
    at require (D:\07.API
\Quanlycongviec\node_modu
les\next\dist\compiled\ne
xt-server\app-page.runtim
e.prod.js:17:18811)
    at A (D:\07.API\Quanl
ycongviec\node_modules\ne
xt\dist\compiled\next-ser
ver\app-page.runtime.prod
.js:12:94398)
    at R (D:\07.API\Quanl
ycongviec\node_modules\ne
xt\dist\compiled\next-ser
ver\app-page.runtime.prod
.js:12:92949)
    at rR (D:\07.API\Quan
lycongviec\node_modules\n
ext\dist\compiled\next-se
rver\app-page.runtime.pro
d.js:12:33975) {
  digest: '3525355699'
}

Error occurred 
prerendering page 
"/forgot-password". Read 
more: https://nextjs.org/
docs/messages/prerender-e
rror

Error: @supabase/ssr: 
Your project's URL and 
API key are required to 
create a Supabase client!

Check your Supabase 
project's API settings 
to find these values

https://supabase.com/dash
board/project/_/settings/
api
    at rQ (D:\07.API\Quan
lycongviec\.next\server\c
hunks\120.js:37:55872)
    at n (D:\07.API\Quanl
ycongviec\.next\server\ch
unks\9806.js:12:3624)
    at 59919 (D:\07.API\Q
uanlycongviec\.next\serve
r\chunks\9806.js:1:2072)
    at t (D:\07.API\Quanl
ycongviec\.next\server\we
bpack-runtime.js:1:142)
    at 79328 (D:\07.API\Q
uanlycongviec\.next\serve
r\chunks\9806.js:1:1913)
    at Object.t [as 
require] (D:\07.API\Quanl
ycongviec\.next\server\we
bpack-runtime.js:1:142)
    at require (D:\07.API
\Quanlycongviec\node_modu
les\next\dist\compiled\ne
xt-server\app-page.runtim
e.prod.js:17:18811)
    at A (D:\07.API\Quanl
ycongviec\node_modules\ne
xt\dist\compiled\next-ser
ver\app-page.runtime.prod
.js:12:94398)
    at R (D:\07.API\Quanl
ycongviec\node_modules\ne
xt\dist\compiled\next-ser
ver\app-page.runtime.prod
.js:12:92949)
    at rR (D:\07.API\Quan
lycongviec\node_modules\n
ext\dist\compiled\next-se
rver\app-page.runtime.pro
d.js:12:33975)
Error: @supabase/ssr: 
Your project's URL and 
API key are required to 
create a Supabase client!

Check your Supabase 
project's API settings 
to find these values

https://supabase.com/dash
board/project/_/settings/
api
    at rQ (D:\07.API\Quan
lycongviec\.next\server\c
hunks\120.js:37:55872)
    at n (D:\07.API\Quanl
ycongviec\.next\server\ch
unks\9806.js:12:3624)
    at 59919 (D:\07.API\Q
uanlycongviec\.next\serve
r\chunks\9806.js:1:2072)
    at t (D:\07.API\Quanl
ycongviec\.next\server\we
bpack-runtime.js:1:142)
    at 79328 (D:\07.API\Q
uanlycongviec\.next\serve
r\chunks\9806.js:1:1913)
    at Object.t [as 
require] (D:\07.API\Quanl
ycongviec\.next\server\we
bpack-runtime.js:1:142)
    at require (D:\07.API
\Quanlycongviec\node_modu
les\next\dist\compiled\ne
xt-server\app-page.runtim
e.prod.js:17:18811)
    at A (D:\07.API\Quanl
ycongviec\node_modules\ne
xt\dist\compiled\next-ser
ver\app-page.runtime.prod
.js:12:94398)
    at R (D:\07.API\Quanl
ycongviec\node_modules\ne
xt\dist\compiled\next-ser
ver\app-page.runtime.prod
.js:12:92949)
    at rR (D:\07.API\Quan
lycongviec\node_modules\n
ext\dist\compiled\next-se
rver\app-page.runtime.pro
d.js:12:33975) {
  digest: '3525355699'
}

Error occurred 
prerendering page 
"/register". Read more: h
ttps://nextjs.org/docs/me
ssages/prerender-error

Error: @supabase/ssr: 
Your project's URL and 
API key are required to 
create a Supabase client!

Check your Supabase 
project's API settings 
to find these values

https://supabase.com/dash
board/project/_/settings/
api
    at rQ (D:\07.API\Quan
lycongviec\.next\server\c
hunks\120.js:37:55872)
    at n (D:\07.API\Quanl
ycongviec\.next\server\ch
unks\9806.js:12:3624)
    at 59919 (D:\07.API\Q
uanlycongviec\.next\serve
r\chunks\9806.js:1:2072)
    at t (D:\07.API\Quanl
ycongviec\.next\server\we
bpack-runtime.js:1:142)
    at 79328 (D:\07.API\Q
uanlycongviec\.next\serve
r\chunks\9806.js:1:1913)
    at Object.t [as 
require] (D:\07.API\Quanl
ycongviec\.next\server\we
bpack-runtime.js:1:142)
    at require (D:\07.API
\Quanlycongviec\node_modu
les\next\dist\compiled\ne
xt-server\app-page.runtim
e.prod.js:17:18811)
    at A (D:\07.API\Quanl
ycongviec\node_modules\ne
xt\dist\compiled\next-ser
ver\app-page.runtime.prod
.js:12:94398)
    at R (D:\07.API\Quanl
ycongviec\node_modules\ne
xt\dist\compiled\next-ser
ver\app-page.runtime.prod
.js:12:92949)
    at rR (D:\07.API\Quan
lycongviec\node_modules\n
ext\dist\compiled\next-se
rver\app-page.runtime.pro
d.js:12:33975)
Error: @supabase/ssr: 
Your project's URL and 
API key are required to 
create a Supabase client!

Check your Supabase 
project's API settings 
to find these values

https://supabase.com/dash
board/project/_/settings/
api
    at rQ (D:\07.API\Quan
lycongviec\.next\server\c
hunks\120.js:37:55872)
    at n (D:\07.API\Quanl
ycongviec\.next\server\ch
unks\9806.js:12:3624)
    at 59919 (D:\07.API\Q
uanlycongviec\.next\serve
r\chunks\9806.js:1:2072)
    at t (D:\07.API\Quanl
ycongviec\.next\server\we
bpack-runtime.js:1:142)
    at 79328 (D:\07.API\Q
uanlycongviec\.next\serve
r\chunks\9806.js:1:1913)
    at Object.t [as 
require] (D:\07.API\Quanl
ycongviec\.next\server\we
bpack-runtime.js:1:142)
    at require (D:\07.API
\Quanlycongviec\node_modu
les\next\dist\compiled\ne
xt-server\app-page.runtim
e.prod.js:17:18811)
    at A (D:\07.API\Quanl
ycongviec\node_modules\ne
xt\dist\compiled\next-ser
ver\app-page.runtime.prod
.js:12:94398)
    at R (D:\07.API\Quanl
ycongviec\node_modules\ne
xt\dist\compiled\next-ser
ver\app-page.runtime.prod
.js:12:92949)
    at rR (D:\07.API\Quan
lycongviec\node_modules\n
ext\dist\compiled\next-se
rver\app-page.runtime.pro
d.js:12:33975) {
  digest: '3525355699'
}

Error occurred 
prerendering page 
"/login". Read more: http
s://nextjs.org/docs/messa
ges/prerender-error

Error: @supabase/ssr: 
Your project's URL and 
API key are required to 
create a Supabase client!

Check your Supabase 
project's API settings 
to find these values

https://supabase.com/dash
board/project/_/settings/
api
    at rQ (D:\07.API\Quan
lycongviec\.next\server\c
hunks\120.js:37:55872)
    at n (D:\07.API\Quanl
ycongviec\.next\server\ch
unks\9806.js:12:3624)
    at 59919 (D:\07.API\Q
uanlycongviec\.next\serve
r\chunks\9806.js:1:2072)
    at t (D:\07.API\Quanl
ycongviec\.next\server\we
bpack-runtime.js:1:142)
    at 79328 (D:\07.API\Q
uanlycongviec\.next\serve
r\chunks\9806.js:1:1913)
    at Object.t [as 
require] (D:\07.API\Quanl
ycongviec\.next\server\we
bpack-runtime.js:1:142)
    at require (D:\07.API
\Quanlycongviec\node_modu
les\next\dist\compiled\ne
xt-server\app-page.runtim
e.prod.js:17:18811)
    at A (D:\07.API\Quanl
ycongviec\node_modules\ne
xt\dist\compiled\next-ser
ver\app-page.runtime.prod
.js:12:94398)
    at R (D:\07.API\Quanl
ycongviec\node_modules\ne
xt\dist\compiled\next-ser
ver\app-page.runtime.prod
.js:12:92949)
    at rR (D:\07.API\Quan
lycongviec\node_modules\n
ext\dist\compiled\next-se
rver\app-page.runtime.pro
d.js:12:33975)
Error: @supabase/ssr: 
Your project's URL and 
API key are required to 
create a Supabase client!

Check your Supabase 
project's API settings 
to find these values

https://supabase.com/dash
board/project/_/settings/
api
    at rQ (D:\07.API\Quan
lycongviec\.next\server\c
hunks\120.js:37:55872)
    at n (D:\07.API\Quanl
ycongviec\.next\server\ch
unks\9806.js:12:3624)
    at 50382 (D:\07.API\Q
uanlycongviec\.next\serve
r\chunks\2647.js:1:27221)
    at t (D:\07.API\Quanl
ycongviec\.next\server\we
bpack-runtime.js:1:142)
    at 52576 (D:\07.API\Q
uanlycongviec\.next\serve
r\app\(dashboard)\project
s\new\page.js:1:2312)
    at Object.t [as 
require] (D:\07.API\Quanl
ycongviec\.next\server\we
bpack-runtime.js:1:142)
    at require (D:\07.API
\Quanlycongviec\node_modu
les\next\dist\compiled\ne
xt-server\app-page.runtim
e.prod.js:17:18811)
    at s (D:\07.API\Quanl
ycongviec\node_modules\ne
xt\dist\compiled\next-ser
ver\app-page.runtime.prod
.js:12:88330)
    at D:\07.API\Quanlyco
ngviec\node_modules\next\
dist\compiled\next-server
\app-page.runtime.prod.js
:12:98875
    at D:\07.API\Quanlyco
ngviec\node_modules\next\
dist\compiled\next-server
\app-page.runtime.prod.js
:12:98962 {
  digest: '4135878527'
}

Error occurred 
prerendering page 
"/projects/new". Read 
more: https://nextjs.org/
docs/messages/prerender-e
rror

Error: @supabase/ssr: 
Your project's URL and 
API key are required to 
create a Supabase client!

Check your Supabase 
project's API settings 
to find these values

https://supabase.com/dash
board/project/_/settings/
api
    at rQ (D:\07.API\Quan
lycongviec\.next\server\c
hunks\120.js:37:55872)
    at n (D:\07.API\Quanl
ycongviec\.next\server\ch
unks\9806.js:12:3624)
    at 50382 (D:\07.API\Q
uanlycongviec\.next\serve
r\chunks\2647.js:1:27221)
    at t (D:\07.API\Quanl
ycongviec\.next\server\we
bpack-runtime.js:1:142)
    at 52576 (D:\07.API\Q
uanlycongviec\.next\serve
r\app\(dashboard)\project
s\new\page.js:1:2312)
    at Object.t [as 
require] (D:\07.API\Quanl
ycongviec\.next\server\we
bpack-runtime.js:1:142)
    at require (D:\07.API
\Quanlycongviec\node_modu
les\next\dist\compiled\ne
xt-server\app-page.runtim
e.prod.js:17:18811)
    at s (D:\07.API\Quanl
ycongviec\node_modules\ne
xt\dist\compiled\next-ser
ver\app-page.runtime.prod
.js:12:88330)
    at D:\07.API\Quanlyco
ngviec\node_modules\next\
dist\compiled\next-server
\app-page.runtime.prod.js
:12:98875
    at D:\07.API\Quanlyco
ngviec\node_modules\next\
dist\compiled\next-server
\app-page.runtime.prod.js
:12:98962
Error: @supabase/ssr: 
Your project's URL and 
API key are required to 
create a Supabase client!

Check your Supabase 
project's API settings 
to find these values

https://supabase.com/dash
board/project/_/settings/
api
    at rQ (D:\07.API\Quan
lycongviec\.next\server\c
hunks\120.js:37:55872)
    at n (D:\07.API\Quanl
ycongviec\.next\server\ch
unks\9806.js:12:3624)
    at 59919 (D:\07.API\Q
uanlycongviec\.next\serve
r\chunks\9806.js:1:2072)
    at t (D:\07.API\Quanl
ycongviec\.next\server\we
bpack-runtime.js:1:142)
    at 18702 (D:\07.API\Q
uanlycongviec\.next\serve
r\app\(dashboard)\kpi\pag
e.js:1:2238)
    at Object.t [as 
require] (D:\07.API\Quanl
ycongviec\.next\server\we
bpack-runtime.js:1:142)
    at require (D:\07.API
\Quanlycongviec\node_modu
les\next\dist\compiled\ne
xt-server\app-page.runtim
e.prod.js:17:18811)
    at s (D:\07.API\Quanl
ycongviec\node_modules\ne
xt\dist\compiled\next-ser
ver\app-page.runtime.prod
.js:12:88330)
    at D:\07.API\Quanlyco
ngviec\node_modules\next\
dist\compiled\next-server
\app-page.runtime.prod.js
:12:98875
    at D:\07.API\Quanlyco
ngviec\node_modules\next\
dist\compiled\next-server
\app-page.runtime.prod.js
:12:98962 {
  digest: '2166820831'
}

Error occurred 
prerendering page 
"/kpi". Read more: https:
//nextjs.org/docs/message
s/prerender-error

Error: @supabase/ssr: 
Your project's URL and 
API key are required to 
create a Supabase client!

Check your Supabase 
project's API settings 
to find these values

https://supabase.com/dash
board/project/_/settings/
api
    at rQ (D:\07.API\Quan
lycongviec\.next\server\c
hunks\120.js:37:55872)
    at n (D:\07.API\Quanl
ycongviec\.next\server\ch
unks\9806.js:12:3624)
    at 59919 (D:\07.API\Q
uanlycongviec\.next\serve
r\chunks\9806.js:1:2072)
    at t (D:\07.API\Quanl
ycongviec\.next\server\we
bpack-runtime.js:1:142)
    at 18702 (D:\07.API\Q
uanlycongviec\.next\serve
r\app\(dashboard)\kpi\pag
e.js:1:2238)
    at Object.t [as 
require] (D:\07.API\Quanl
ycongviec\.next\server\we
bpack-runtime.js:1:142)
    at require (D:\07.API
\Quanlycongviec\node_modu
les\next\dist\compiled\ne
xt-server\app-page.runtim
e.prod.js:17:18811)
    at s (D:\07.API\Quanl
ycongviec\node_modules\ne
xt\dist\compiled\next-ser
ver\app-page.runtime.prod
.js:12:88330)
    at D:\07.API\Quanlyco
ngviec\node_modules\next\
dist\compiled\next-server
\app-page.runtime.prod.js
:12:98875
    at D:\07.API\Quanlyco
ngviec\node_modules\next\
dist\compiled\next-server
\app-page.runtime.prod.js
:12:98962
Error: @supabase/ssr: 
Your project's URL and 
API key are required to 
create a Supabase client!

Check your Supabase 
project's API settings 
to find these values

https://supabase.com/dash
board/project/_/settings/
api
    at rQ (D:\07.API\Quan
lycongviec\.next\server\c
hunks\120.js:37:55872)
    at n (D:\07.API\Quanl
ycongviec\.next\server\ch
unks\9806.js:12:3624)
    at 39561 (D:\07.API\Q
uanlycongviec\.next\serve
r\chunks\2647.js:1:16964)
    at t (D:\07.API\Quanl
ycongviec\.next\server\we
bpack-runtime.js:1:142)
    at 5468 (D:\07.API\Qu
anlycongviec\.next\server
\app\(dashboard)\settings
\kpi\page.js:1:2876)
    at Object.t [as 
require] (D:\07.API\Quanl
ycongviec\.next\server\we
bpack-runtime.js:1:142)
    at require (D:\07.API
\Quanlycongviec\node_modu
les\next\dist\compiled\ne
xt-server\app-page.runtim
e.prod.js:17:18811)
    at s (D:\07.API\Quanl
ycongviec\node_modules\ne
xt\dist\compiled\next-ser
ver\app-page.runtime.prod
.js:12:88330)
    at D:\07.API\Quanlyco
ngviec\node_modules\next\
dist\compiled\next-server
\app-page.runtime.prod.js
:12:98875
    at D:\07.API\Quanlyco
ngviec\node_modules\next\
dist\compiled\next-server
\app-page.runtime.prod.js
:12:98962 {
  digest: '1566038187'
}

Error occurred 
prerendering page 
"/settings/kpi". Read 
more: https://nextjs.org/
docs/messages/prerender-e
rror

Error: @supabase/ssr: 
Your project's URL and 
API key are required to 
create a Supabase client!

Check your Supabase 
project's API settings 
to find these values

https://supabase.com/dash
board/project/_/settings/
api
    at rQ (D:\07.API\Quan
lycongviec\.next\server\c
hunks\120.js:37:55872)
    at n (D:\07.API\Quanl
ycongviec\.next\server\ch
unks\9806.js:12:3624)
    at 39561 (D:\07.API\Q
uanlycongviec\.next\serve
r\chunks\2647.js:1:16964)
    at t (D:\07.API\Quanl
ycongviec\.next\server\we
bpack-runtime.js:1:142)
    at 5468 (D:\07.API\Qu
anlycongviec\.next\server
\app\(dashboard)\settings
\kpi\page.js:1:2876)
    at Object.t [as 
require] (D:\07.API\Quanl
ycongviec\.next\server\we
bpack-runtime.js:1:142)
    at require (D:\07.API
\Quanlycongviec\node_modu
les\next\dist\compiled\ne
xt-server\app-page.runtim
e.prod.js:17:18811)
    at s (D:\07.API\Quanl
ycongviec\node_modules\ne
xt\dist\compiled\next-ser
ver\app-page.runtime.prod
.js:12:88330)
    at D:\07.API\Quanlyco
ngviec\node_modules\next\
dist\compiled\next-server
\app-page.runtime.prod.js
:12:98875
    at D:\07.API\Quanlyco
ngviec\node_modules\next\
dist\compiled\next-server
\app-page.runtime.prod.js
:12:98962
Error: @supabase/ssr: 
Your project's URL and 
API key are required to 
create a Supabase client!

Check your Supabase 
project's API settings 
to find these values

https://supabase.com/dash
board/project/_/settings/
api
    at rQ (D:\07.API\Quan
lycongviec\.next\server\c
hunks\120.js:37:55872)
    at n (D:\07.API\Quanl
ycongviec\.next\server\ch
unks\9806.js:12:3624)
    at 39561 (D:\07.API\Q
uanlycongviec\.next\serve
r\chunks\2647.js:1:16964)
    at t (D:\07.API\Quanl
ycongviec\.next\server\we
bpack-runtime.js:1:142)
    at 41727 (D:\07.API\Q
uanlycongviec\.next\serve
r\chunks\2647.js:1:1268)
    at Object.t [as 
require] (D:\07.API\Quanl
ycongviec\.next\server\we
bpack-runtime.js:1:142)
    at require (D:\07.API
\Quanlycongviec\node_modu
les\next\dist\compiled\ne
xt-server\app-page.runtim
e.prod.js:17:18811)
    at s (D:\07.API\Quanl
ycongviec\node_modules\ne
xt\dist\compiled\next-ser
ver\app-page.runtime.prod
.js:12:88330)
    at D:\07.API\Quanlyco
ngviec\node_modules\next\
dist\compiled\next-server
\app-page.runtime.prod.js
:12:98875
    at D:\07.API\Quanlyco
ngviec\node_modules\next\
dist\compiled\next-server
\app-page.runtime.prod.js
:12:98962 {
  digest: '3789137158'
}

Error occurred 
prerendering page 
"/kpi/allocation/new". 
Read more: https://nextjs
.org/docs/messages/preren
der-error

Error: @supabase/ssr: 
Your project's URL and 
API key are required to 
create a Supabase client!

Check your Supabase 
project's API settings 
to find these values

https://supabase.com/dash
board/project/_/settings/
api
    at rQ (D:\07.API\Quan
lycongviec\.next\server\c
hunks\120.js:37:55872)
    at n (D:\07.API\Quanl
ycongviec\.next\server\ch
unks\9806.js:12:3624)
    at 39561 (D:\07.API\Q
uanlycongviec\.next\serve
r\chunks\2647.js:1:16964)
    at t (D:\07.API\Quanl
ycongviec\.next\server\we
bpack-runtime.js:1:142)
    at 41727 (D:\07.API\Q
uanlycongviec\.next\serve
r\chunks\2647.js:1:1268)
    at Object.t [as 
require] (D:\07.API\Quanl
ycongviec\.next\server\we
bpack-runtime.js:1:142)
    at require (D:\07.API
\Quanlycongviec\node_modu
les\next\dist\compiled\ne
xt-server\app-page.runtim
e.prod.js:17:18811)
    at s (D:\07.API\Quanl
ycongviec\node_modules\ne
xt\dist\compiled\next-ser
ver\app-page.runtime.prod
.js:12:88330)
    at D:\07.API\Quanlyco
ngviec\node_modules\next\
dist\compiled\next-server
\app-page.runtime.prod.js
:12:98875
    at D:\07.API\Quanlyco
ngviec\node_modules\next\
dist\compiled\next-server
\app-page.runtime.prod.js
:12:98962
Error: @supabase/ssr: 
Your project's URL and 
API key are required to 
create a Supabase client!

Check your Supabase 
project's API settings 
to find these values

https://supabase.com/dash
board/project/_/settings/
api
    at rQ (D:\07.API\Quan
lycongviec\.next\server\c
hunks\120.js:37:55872)
    at n (D:\07.API\Quanl
ycongviec\.next\server\ch
unks\9806.js:12:3624)
    at 39561 (D:\07.API\Q
uanlycongviec\.next\serve
r\chunks\2647.js:1:16964)
    at t (D:\07.API\Quanl
ycongviec\.next\server\we
bpack-runtime.js:1:142)
    at 41727 (D:\07.API\Q
uanlycongviec\.next\serve
r\chunks\2647.js:1:1268)
    at Object.t [as 
require] (D:\07.API\Quanl
ycongviec\.next\server\we
bpack-runtime.js:1:142)
    at require (D:\07.API
\Quanlycongviec\node_modu
les\next\dist\compiled\ne
xt-server\app-page.runtim
e.prod.js:17:18811)
    at s (D:\07.API\Quanl
ycongviec\node_modules\ne
xt\dist\compiled\next-ser
ver\app-page.runtime.prod
.js:12:88330)
    at D:\07.API\Quanlyco
ngviec\node_modules\next\
dist\compiled\next-server
\app-page.runtime.prod.js
:12:98875
    at D:\07.API\Quanlyco
ngviec\node_modules\next\
dist\compiled\next-server
\app-page.runtime.prod.js
:12:98962 {
  digest: '3789137158'
}

Error occurred 
prerendering page 
"/kpi/evaluation". Read 
more: https://nextjs.org/
docs/messages/prerender-e
rror

Error: @supabase/ssr: 
Your project's URL and 
API key are required to 
create a Supabase client!

Check your Supabase 
project's API settings 
to find these values

https://supabase.com/dash
board/project/_/settings/
api
    at rQ (D:\07.API\Quan
lycongviec\.next\server\c
hunks\120.js:37:55872)
    at n (D:\07.API\Quanl
ycongviec\.next\server\ch
unks\9806.js:12:3624)
    at 39561 (D:\07.API\Q
uanlycongviec\.next\serve
r\chunks\2647.js:1:16964)
    at t (D:\07.API\Quanl
ycongviec\.next\server\we
bpack-runtime.js:1:142)
    at 41727 (D:\07.API\Q
uanlycongviec\.next\serve
r\chunks\2647.js:1:1268)
    at Object.t [as 
require] (D:\07.API\Quanl
ycongviec\.next\server\we
bpack-runtime.js:1:142)
    at require (D:\07.API
\Quanlycongviec\node_modu
les\next\dist\compiled\ne
xt-server\app-page.runtim
e.prod.js:17:18811)
    at s (D:\07.API\Quanl
ycongviec\node_modules\ne
xt\dist\compiled\next-ser
ver\app-page.runtime.prod
.js:12:88330)
    at D:\07.API\Quanlyco
ngviec\node_modules\next\
dist\compiled\next-server
\app-page.runtime.prod.js
:12:98875
    at D:\07.API\Quanlyco
ngviec\node_modules\next\
dist\compiled\next-server
\app-page.runtime.prod.js
:12:98962
Error: @supabase/ssr: 
Your project's URL and 
API key are required to 
create a Supabase client!

Check your Supabase 
project's API settings 
to find these values

https://supabase.com/dash
board/project/_/settings/
api
    at rQ (D:\07.API\Quan
lycongviec\.next\server\c
hunks\120.js:37:55872)
    at n (D:\07.API\Quanl
ycongviec\.next\server\ch
unks\9806.js:12:3624)
    at 39561 (D:\07.API\Q
uanlycongviec\.next\serve
r\chunks\2647.js:1:16964)
    at t (D:\07.API\Quanl
ycongviec\.next\server\we
bpack-runtime.js:1:142)
    at 41727 (D:\07.API\Q
uanlycongviec\.next\serve
r\chunks\2647.js:1:1268)
    at Object.t [as 
require] (D:\07.API\Quanl
ycongviec\.next\server\we
bpack-runtime.js:1:142)
    at require (D:\07.API
\Quanlycongviec\node_modu
les\next\dist\compiled\ne
xt-server\app-page.runtim
e.prod.js:17:18811)
    at s (D:\07.API\Quanl
ycongviec\node_modules\ne
xt\dist\compiled\next-ser
ver\app-page.runtime.prod
.js:12:88330)
    at D:\07.API\Quanlyco
ngviec\node_modules\next\
dist\compiled\next-server
\app-page.runtime.prod.js
:12:98875
    at D:\07.API\Quanlyco
ngviec\node_modules\next\
dist\compiled\next-server
\app-page.runtime.prod.js
:12:98962 {
  digest: '3789137158'
}

Error occurred 
prerendering page 
"/kpi/records". Read 
more: https://nextjs.org/
docs/messages/prerender-e
rror

Error: @supabase/ssr: 
Your project's URL and 
API key are required to 
create a Supabase client!

Check your Supabase 
project's API settings 
to find these values

https://supabase.com/dash
board/project/_/settings/
api
    at rQ (D:\07.API\Quan
lycongviec\.next\server\c
hunks\120.js:37:55872)
    at n (D:\07.API\Quanl
ycongviec\.next\server\ch
unks\9806.js:12:3624)
    at 39561 (D:\07.API\Q
uanlycongviec\.next\serve
r\chunks\2647.js:1:16964)
    at t (D:\07.API\Quanl
ycongviec\.next\server\we
bpack-runtime.js:1:142)
    at 41727 (D:\07.API\Q
uanlycongviec\.next\serve
r\chunks\2647.js:1:1268)
    at Object.t [as 
require] (D:\07.API\Quanl
ycongviec\.next\server\we
bpack-runtime.js:1:142)
    at require (D:\07.API
\Quanlycongviec\node_modu
les\next\dist\compiled\ne
xt-server\app-page.runtim
e.prod.js:17:18811)
    at s (D:\07.API\Quanl
ycongviec\node_modules\ne
xt\dist\compiled\next-ser
ver\app-page.runtime.prod
.js:12:88330)
    at D:\07.API\Quanlyco
ngviec\node_modules\next\
dist\compiled\next-server
\app-page.runtime.prod.js
:12:98875
    at D:\07.API\Quanlyco
ngviec\node_modules\next\
dist\compiled\next-server
\app-page.runtime.prod.js
:12:98962
Error: @supabase/ssr: 
Your project's URL and 
API key are required to 
create a Supabase client!

Check your Supabase 
project's API settings 
to find these values

https://supabase.com/dash
board/project/_/settings/
api
    at rQ (D:\07.API\Quan
lycongviec\.next\server\c
hunks\120.js:37:55872)
    at n (D:\07.API\Quanl
ycongviec\.next\server\ch
unks\9806.js:12:3624)
    at 50382 (D:\07.API\Q
uanlycongviec\.next\serve
r\chunks\2647.js:1:27221)
    at t (D:\07.API\Quanl
ycongviec\.next\server\we
bpack-runtime.js:1:142)
    at 46245 (D:\07.API\Q
uanlycongviec\.next\serve
r\app\(dashboard)\project
s\page.js:1:2257)
    at Object.t [as 
require] (D:\07.API\Quanl
ycongviec\.next\server\we
bpack-runtime.js:1:142)
    at require (D:\07.API
\Quanlycongviec\node_modu
les\next\dist\compiled\ne
xt-server\app-page.runtim
e.prod.js:17:18811)
    at s (D:\07.API\Quanl
ycongviec\node_modules\ne
xt\dist\compiled\next-ser
ver\app-page.runtime.prod
.js:12:88330)
    at D:\07.API\Quanlyco
ngviec\node_modules\next\
dist\compiled\next-server
\app-page.runtime.prod.js
:12:98875
    at D:\07.API\Quanlyco
ngviec\node_modules\next\
dist\compiled\next-server
\app-page.runtime.prod.js
:12:98962 {
  digest: '3313720669'
}

Error occurred 
prerendering page 
"/projects". Read more: h
ttps://nextjs.org/docs/me
ssages/prerender-error

Error: @supabase/ssr: 
Your project's URL and 
API key are required to 
create a Supabase client!

Check your Supabase 
project's API settings 
to find these values

https://supabase.com/dash
board/project/_/settings/
api
    at rQ (D:\07.API\Quan
lycongviec\.next\server\c
hunks\120.js:37:55872)
    at n (D:\07.API\Quanl
ycongviec\.next\server\ch
unks\9806.js:12:3624)
    at 50382 (D:\07.API\Q
uanlycongviec\.next\serve
r\chunks\2647.js:1:27221)
    at t (D:\07.API\Quanl
ycongviec\.next\server\we
bpack-runtime.js:1:142)
    at 46245 (D:\07.API\Q
uanlycongviec\.next\serve
r\app\(dashboard)\project
s\page.js:1:2257)
    at Object.t [as 
require] (D:\07.API\Quanl
ycongviec\.next\server\we
bpack-runtime.js:1:142)
    at require (D:\07.API
\Quanlycongviec\node_modu
les\next\dist\compiled\ne
xt-server\app-page.runtim
e.prod.js:17:18811)
    at s (D:\07.API\Quanl
ycongviec\node_modules\ne
xt\dist\compiled\next-ser
ver\app-page.runtime.prod
.js:12:88330)
    at D:\07.API\Quanlyco
ngviec\node_modules\next\
dist\compiled\next-server
\app-page.runtime.prod.js
:12:98875
    at D:\07.API\Quanlyco
ngviec\node_modules\next\
dist\compiled\next-server
\app-page.runtime.prod.js
:12:98962
Error: @supabase/ssr: 
Your project's URL and 
API key are required to 
create a Supabase client!

Check your Supabase 
project's API settings 
to find these values

https://supabase.com/dash
board/project/_/settings/
api
    at rQ (D:\07.API\Quan
lycongviec\.next\server\c
hunks\120.js:37:55872)
    at n (D:\07.API\Quanl
ycongviec\.next\server\ch
unks\9806.js:12:3624)
    at 39561 (D:\07.API\Q
uanlycongviec\.next\serve
r\chunks\2647.js:1:16964)
    at t (D:\07.API\Quanl
ycongviec\.next\server\we
bpack-runtime.js:1:142)
    at 41727 (D:\07.API\Q
uanlycongviec\.next\serve
r\chunks\2647.js:1:1268)
    at Object.t [as 
require] (D:\07.API\Quanl
ycongviec\.next\server\we
bpack-runtime.js:1:142)
    at require (D:\07.API
\Quanlycongviec\node_modu
les\next\dist\compiled\ne
xt-server\app-page.runtim
e.prod.js:17:18811)
    at s (D:\07.API\Quanl
ycongviec\node_modules\ne
xt\dist\compiled\next-ser
ver\app-page.runtime.prod
.js:12:88330)
    at D:\07.API\Quanlyco
ngviec\node_modules\next\
dist\compiled\next-server
\app-page.runtime.prod.js
:12:98875
    at D:\07.API\Quanlyco
ngviec\node_modules\next\
dist\compiled\next-server
\app-page.runtime.prod.js
:12:98962 {
  digest: '3789137158'
}

Error occurred 
prerendering page 
"/reports/custom". Read 
more: https://nextjs.org/
docs/messages/prerender-e
rror

Error: @supabase/ssr: 
Your project's URL and 
API key are required to 
create a Supabase client!

Check your Supabase 
project's API settings 
to find these values

https://supabase.com/dash
board/project/_/settings/
api
    at rQ (D:\07.API\Quan
lycongviec\.next\server\c
hunks\120.js:37:55872)
    at n (D:\07.API\Quanl
ycongviec\.next\server\ch
unks\9806.js:12:3624)
    at 39561 (D:\07.API\Q
uanlycongviec\.next\serve
r\chunks\2647.js:1:16964)
    at t (D:\07.API\Quanl
ycongviec\.next\server\we
bpack-runtime.js:1:142)
    at 41727 (D:\07.API\Q
uanlycongviec\.next\serve
r\chunks\2647.js:1:1268)
    at Object.t [as 
require] (D:\07.API\Quanl
ycongviec\.next\server\we
bpack-runtime.js:1:142)
    at require (D:\07.API
\Quanlycongviec\node_modu
les\next\dist\compiled\ne
xt-server\app-page.runtim
e.prod.js:17:18811)
    at s (D:\07.API\Quanl
ycongviec\node_modules\ne
xt\dist\compiled\next-ser
ver\app-page.runtime.prod
.js:12:88330)
    at D:\07.API\Quanlyco
ngviec\node_modules\next\
dist\compiled\next-server
\app-page.runtime.prod.js
:12:98875
    at D:\07.API\Quanlyco
ngviec\node_modules\next\
dist\compiled\next-server
\app-page.runtime.prod.js
:12:98962
Error: @supabase/ssr: 
Your project's URL and 
API key are required to 
create a Supabase client!

Check your Supabase 
project's API settings 
to find these values

https://supabase.com/dash
board/project/_/settings/
api
    at rQ (D:\07.API\Quan
lycongviec\.next\server\c
hunks\120.js:37:55872)
    at n (D:\07.API\Quanl
ycongviec\.next\server\ch
unks\9806.js:12:3624)
    at 61722 (D:\07.API\Q
uanlycongviec\.next\serve
r\app\(dashboard)\setting
s\departments\page.js:1:3
017)
    at Object.t [as 
require] (D:\07.API\Quanl
ycongviec\.next\server\we
bpack-runtime.js:1:142)
    at require (D:\07.API
\Quanlycongviec\node_modu
les\next\dist\compiled\ne
xt-server\app-page.runtim
e.prod.js:17:18811)
    at s (D:\07.API\Quanl
ycongviec\node_modules\ne
xt\dist\compiled\next-ser
ver\app-page.runtime.prod
.js:12:88330)
    at D:\07.API\Quanlyco
ngviec\node_modules\next\
dist\compiled\next-server
\app-page.runtime.prod.js
:12:98875
    at D:\07.API\Quanlyco
ngviec\node_modules\next\
dist\compiled\next-server
\app-page.runtime.prod.js
:12:98962
    at t (D:\07.API\Quanl
ycongviec\node_modules\ne
xt\dist\compiled\next-ser
ver\app-page.runtime.prod
.js:12:99165) {
  digest: '4168053337'
}

Error occurred 
prerendering page 
"/settings/departments". 
Read more: https://nextjs
.org/docs/messages/preren
der-error

Error: @supabase/ssr: 
Your project's URL and 
API key are required to 
create a Supabase client!

Check your Supabase 
project's API settings 
to find these values

https://supabase.com/dash
board/project/_/settings/
api
    at rQ (D:\07.API\Quan
lycongviec\.next\server\c
hunks\120.js:37:55872)
    at n (D:\07.API\Quanl
ycongviec\.next\server\ch
unks\9806.js:12:3624)
    at 61722 (D:\07.API\Q
uanlycongviec\.next\serve
r\app\(dashboard)\setting
s\departments\page.js:1:3
017)
    at Object.t [as 
require] (D:\07.API\Quanl
ycongviec\.next\server\we
bpack-runtime.js:1:142)
    at require (D:\07.API
\Quanlycongviec\node_modu
les\next\dist\compiled\ne
xt-server\app-page.runtim
e.prod.js:17:18811)
    at s (D:\07.API\Quanl
ycongviec\node_modules\ne
xt\dist\compiled\next-ser
ver\app-page.runtime.prod
.js:12:88330)
    at D:\07.API\Quanlyco
ngviec\node_modules\next\
dist\compiled\next-server
\app-page.runtime.prod.js
:12:98875
    at D:\07.API\Quanlyco
ngviec\node_modules\next\
dist\compiled\next-server
\app-page.runtime.prod.js
:12:98962
    at t (D:\07.API\Quanl
ycongviec\node_modules\ne
xt\dist\compiled\next-ser
ver\app-page.runtime.prod
.js:12:99165)
   Generating static pages (26/52) 
Error: @supabase/ssr: 
Your project's URL and 
API key are required to 
create a Supabase client!

Check your Supabase 
project's API settings 
to find these values

https://supabase.com/dash
board/project/_/settings/
api
    at rQ (D:\07.API\Quan
lycongviec\.next\server\c
hunks\120.js:37:55872)
    at n (D:\07.API\Quanl
ycongviec\.next\server\ch
unks\9806.js:12:3624)
    at 39561 (D:\07.API\Q
uanlycongviec\.next\serve
r\chunks\2647.js:1:16964)
    at t (D:\07.API\Quanl
ycongviec\.next\server\we
bpack-runtime.js:1:142)
    at 16962 (D:\07.API\Q
uanlycongviec\.next\serve
r\app\(dashboard)\setting
s\organization\page.js:1:
7021)
    at Object.t [as 
require] (D:\07.API\Quanl
ycongviec\.next\server\we
bpack-runtime.js:1:142)
    at require (D:\07.API
\Quanlycongviec\node_modu
les\next\dist\compiled\ne
xt-server\app-page.runtim
e.prod.js:17:18811)
    at s (D:\07.API\Quanl
ycongviec\node_modules\ne
xt\dist\compiled\next-ser
ver\app-page.runtime.prod
.js:12:88330)
    at D:\07.API\Quanlyco
ngviec\node_modules\next\
dist\compiled\next-server
\app-page.runtime.prod.js
:12:98875
    at D:\07.API\Quanlyco
ngviec\node_modules\next\
dist\compiled\next-server
\app-page.runtime.prod.js
:12:98962 {
  digest: '3887375224'
}

Error occurred 
prerendering page "/setti
ngs/organization". Read 
more: https://nextjs.org/
docs/messages/prerender-e
rror

Error: @supabase/ssr: 
Your project's URL and 
API key are required to 
create a Supabase client!

Check your Supabase 
project's API settings 
to find these values

https://supabase.com/dash
board/project/_/settings/
api
    at rQ (D:\07.API\Quan
lycongviec\.next\server\c
hunks\120.js:37:55872)
    at n (D:\07.API\Quanl
ycongviec\.next\server\ch
unks\9806.js:12:3624)
    at 39561 (D:\07.API\Q
uanlycongviec\.next\serve
r\chunks\2647.js:1:16964)
    at t (D:\07.API\Quanl
ycongviec\.next\server\we
bpack-runtime.js:1:142)
    at 16962 (D:\07.API\Q
uanlycongviec\.next\serve
r\app\(dashboard)\setting
s\organization\page.js:1:
7021)
    at Object.t [as 
require] (D:\07.API\Quanl
ycongviec\.next\server\we
bpack-runtime.js:1:142)
    at require (D:\07.API
\Quanlycongviec\node_modu
les\next\dist\compiled\ne
xt-server\app-page.runtim
e.prod.js:17:18811)
    at s (D:\07.API\Quanl
ycongviec\node_modules\ne
xt\dist\compiled\next-ser
ver\app-page.runtime.prod
.js:12:88330)
    at D:\07.API\Quanlyco
ngviec\node_modules\next\
dist\compiled\next-server
\app-page.runtime.prod.js
:12:98875
    at D:\07.API\Quanlyco
ngviec\node_modules\next\
dist\compiled\next-server
\app-page.runtime.prod.js
:12:98962
Error: @supabase/ssr: 
Your project's URL and 
API key are required to 
create a Supabase client!

Check your Supabase 
project's API settings 
to find these values

https://supabase.com/dash
board/project/_/settings/
api
    at rQ (D:\07.API\Quan
lycongviec\.next\server\c
hunks\120.js:37:55872)
    at n (D:\07.API\Quanl
ycongviec\.next\server\ch
unks\9806.js:12:3624)
    at 39561 (D:\07.API\Q
uanlycongviec\.next\serve
r\chunks\2647.js:1:16964)
    at t (D:\07.API\Quanl
ycongviec\.next\server\we
bpack-runtime.js:1:142)
    at 32770 (D:\07.API\Q
uanlycongviec\.next\serve
r\app\(dashboard)\setting
s\teams\page.js:1:7021)
    at Object.t [as 
require] (D:\07.API\Quanl
ycongviec\.next\server\we
bpack-runtime.js:1:142)
    at require (D:\07.API
\Quanlycongviec\node_modu
les\next\dist\compiled\ne
xt-server\app-page.runtim
e.prod.js:17:18811)
    at s (D:\07.API\Quanl
ycongviec\node_modules\ne
xt\dist\compiled\next-ser
ver\app-page.runtime.prod
.js:12:88330)
    at D:\07.API\Quanlyco
ngviec\node_modules\next\
dist\compiled\next-server
\app-page.runtime.prod.js
:12:98875
    at D:\07.API\Quanlyco
ngviec\node_modules\next\
dist\compiled\next-server
\app-page.runtime.prod.js
:12:98962 {
  digest: '2882476070'
}

Error occurred 
prerendering page 
"/settings/teams". Read 
more: https://nextjs.org/
docs/messages/prerender-e
rror

Error: @supabase/ssr: 
Your project's URL and 
API key are required to 
create a Supabase client!

Check your Supabase 
project's API settings 
to find these values

https://supabase.com/dash
board/project/_/settings/
api
    at rQ (D:\07.API\Quan
lycongviec\.next\server\c
hunks\120.js:37:55872)
    at n (D:\07.API\Quanl
ycongviec\.next\server\ch
unks\9806.js:12:3624)
    at 39561 (D:\07.API\Q
uanlycongviec\.next\serve
r\chunks\2647.js:1:16964)
    at t (D:\07.API\Quanl
ycongviec\.next\server\we
bpack-runtime.js:1:142)
    at 32770 (D:\07.API\Q
uanlycongviec\.next\serve
r\app\(dashboard)\setting
s\teams\page.js:1:7021)
    at Object.t [as 
require] (D:\07.API\Quanl
ycongviec\.next\server\we
bpack-runtime.js:1:142)
    at require (D:\07.API
\Quanlycongviec\node_modu
les\next\dist\compiled\ne
xt-server\app-page.runtim
e.prod.js:17:18811)
    at s (D:\07.API\Quanl
ycongviec\node_modules\ne
xt\dist\compiled\next-ser
ver\app-page.runtime.prod
.js:12:88330)
    at D:\07.API\Quanlyco
ngviec\node_modules\next\
dist\compiled\next-server
\app-page.runtime.prod.js
:12:98875
    at D:\07.API\Quanlyco
ngviec\node_modules\next\
dist\compiled\next-server
\app-page.runtime.prod.js
:12:98962
Error: @supabase/ssr: 
Your project's URL and 
API key are required to 
create a Supabase client!

Check your Supabase 
project's API settings 
to find these values

https://supabase.com/dash
board/project/_/settings/
api
    at rQ (D:\07.API\Quan
lycongviec\.next\server\c
hunks\120.js:37:55872)
    at n (D:\07.API\Quanl
ycongviec\.next\server\ch
unks\9806.js:12:3624)
    at 39561 (D:\07.API\Q
uanlycongviec\.next\serve
r\chunks\2647.js:1:16964)
    at t (D:\07.API\Quanl
ycongviec\.next\server\we
bpack-runtime.js:1:142)
    at 41727 (D:\07.API\Q
uanlycongviec\.next\serve
r\chunks\2647.js:1:1268)
    at Object.t [as 
require] (D:\07.API\Quanl
ycongviec\.next\server\we
bpack-runtime.js:1:142)
    at require (D:\07.API
\Quanlycongviec\node_modu
les\next\dist\compiled\ne
xt-server\app-page.runtim
e.prod.js:17:18811)
    at s (D:\07.API\Quanl
ycongviec\node_modules\ne
xt\dist\compiled\next-ser
ver\app-page.runtime.prod
.js:12:88330)
    at D:\07.API\Quanlyco
ngviec\node_modules\next\
dist\compiled\next-server
\app-page.runtime.prod.js
:12:98875
    at D:\07.API\Quanlyco
ngviec\node_modules\next\
dist\compiled\next-server
\app-page.runtime.prod.js
:12:98962 {
  digest: '3789137158'
}

Error occurred 
prerendering page 
"/kpi/allocation". Read 
more: https://nextjs.org/
docs/messages/prerender-e
rror

Error: @supabase/ssr: 
Your project's URL and 
API key are required to 
create a Supabase client!

Check your Supabase 
project's API settings 
to find these values

https://supabase.com/dash
board/project/_/settings/
api
    at rQ (D:\07.API\Quan
lycongviec\.next\server\c
hunks\120.js:37:55872)
    at n (D:\07.API\Quanl
ycongviec\.next\server\ch
unks\9806.js:12:3624)
    at 39561 (D:\07.API\Q
uanlycongviec\.next\serve
r\chunks\2647.js:1:16964)
    at t (D:\07.API\Quanl
ycongviec\.next\server\we
bpack-runtime.js:1:142)
    at 41727 (D:\07.API\Q
uanlycongviec\.next\serve
r\chunks\2647.js:1:1268)
    at Object.t [as 
require] (D:\07.API\Quanl
ycongviec\.next\server\we
bpack-runtime.js:1:142)
    at require (D:\07.API
\Quanlycongviec\node_modu
les\next\dist\compiled\ne
xt-server\app-page.runtim
e.prod.js:17:18811)
    at s (D:\07.API\Quanl
ycongviec\node_modules\ne
xt\dist\compiled\next-ser
ver\app-page.runtime.prod
.js:12:88330)
    at D:\07.API\Quanlyco
ngviec\node_modules\next\
dist\compiled\next-server
\app-page.runtime.prod.js
:12:98875
    at D:\07.API\Quanlyco
ngviec\node_modules\next\
dist\compiled\next-server
\app-page.runtime.prod.js
:12:98962
Error: @supabase/ssr: 
Your project's URL and 
API key are required to 
create a Supabase client!

Check your Supabase 
project's API settings 
to find these values

https://supabase.com/dash
board/project/_/settings/
api
    at rQ (D:\07.API\Quan
lycongviec\.next\server\c
hunks\120.js:37:55872)
    at n (D:\07.API\Quanl
ycongviec\.next\server\ch
unks\9806.js:12:3624)
    at 59919 (D:\07.API\Q
uanlycongviec\.next\serve
r\chunks\9806.js:1:2072)
    at t (D:\07.API\Quanl
ycongviec\.next\server\we
bpack-runtime.js:1:142)
    at 48 (D:\07.API\Quan
lycongviec\.next\server\a
pp\(dashboard)\page.js:1:
2156)
    at Object.t [as 
require] (D:\07.API\Quanl
ycongviec\.next\server\we
bpack-runtime.js:1:142)
    at require (D:\07.API
\Quanlycongviec\node_modu
les\next\dist\compiled\ne
xt-server\app-page.runtim
e.prod.js:17:18811)
    at s (D:\07.API\Quanl
ycongviec\node_modules\ne
xt\dist\compiled\next-ser
ver\app-page.runtime.prod
.js:12:88330)
    at D:\07.API\Quanlyco
ngviec\node_modules\next\
dist\compiled\next-server
\app-page.runtime.prod.js
:12:98875
    at D:\07.API\Quanlyco
ngviec\node_modules\next\
dist\compiled\next-server
\app-page.runtime.prod.js
:12:98962 {
  digest: '216014474'
}

Error occurred 
prerendering page "/". 
Read more: https://nextjs
.org/docs/messages/preren
der-error

Error: @supabase/ssr: 
Your project's URL and 
API key are required to 
create a Supabase client!
   Generating static pages (39/52) 

Check your Supabase 
project's API settings 
to find these values

https://supabase.com/dash
board/project/_/settings/
api
    at rQ (D:\07.API\Quan
lycongviec\.next\server\c
hunks\120.js:37:55872)
    at n (D:\07.API\Quanl
ycongviec\.next\server\ch
unks\9806.js:12:3624)
    at 59919 (D:\07.API\Q
uanlycongviec\.next\serve
r\chunks\9806.js:1:2072)
    at t (D:\07.API\Quanl
ycongviec\.next\server\we
bpack-runtime.js:1:142)
    at 48 (D:\07.API\Quan
lycongviec\.next\server\a
pp\(dashboard)\page.js:1:
2156)
    at Object.t [as 
require] (D:\07.API\Quanl
ycongviec\.next\server\we
bpack-runtime.js:1:142)
    at require (D:\07.API
\Quanlycongviec\node_modu
les\next\dist\compiled\ne
xt-server\app-page.runtim
e.prod.js:17:18811)
    at s (D:\07.API\Quanl
ycongviec\node_modules\ne
xt\dist\compiled\next-ser
ver\app-page.runtime.prod
.js:12:88330)
    at D:\07.API\Quanlyco
ngviec\node_modules\next\
dist\compiled\next-server
\app-page.runtime.prod.js
:12:98875
    at D:\07.API\Quanlyco
ngviec\node_modules\next\
dist\compiled\next-server
\app-page.runtime.prod.js
:12:98962
Error: @supabase/ssr: 
Your project's URL and 
API key are required to 
create a Supabase client!

Check your Supabase 
project's API settings 
to find these values

https://supabase.com/dash
board/project/_/settings/
api
    at rQ (D:\07.API\Quan
lycongviec\.next\server\c
hunks\120.js:37:55872)
    at n (D:\07.API\Quanl
ycongviec\.next\server\ch
unks\9806.js:12:3624)
    at 39561 (D:\07.API\Q
uanlycongviec\.next\serve
r\chunks\2647.js:1:16964)
    at t (D:\07.API\Quanl
ycongviec\.next\server\we
bpack-runtime.js:1:142)
    at 41727 (D:\07.API\Q
uanlycongviec\.next\serve
r\chunks\2647.js:1:1268)
    at Object.t [as 
require] (D:\07.API\Quanl
ycongviec\.next\server\we
bpack-runtime.js:1:142)
    at require (D:\07.API
\Quanlycongviec\node_modu
les\next\dist\compiled\ne
xt-server\app-page.runtim
e.prod.js:17:18811)
    at s (D:\07.API\Quanl
ycongviec\node_modules\ne
xt\dist\compiled\next-ser
ver\app-page.runtime.prod
.js:12:88330)
    at D:\07.API\Quanlyco
ngviec\node_modules\next\
dist\compiled\next-server
\app-page.runtime.prod.js
:12:98875
    at D:\07.API\Quanlyco
ngviec\node_modules\next\
dist\compiled\next-server
\app-page.runtime.prod.js
:12:98962 {
  digest: '3789137158'
}

Error occurred 
prerendering page "/setti
ngs/notifications". Read 
more: https://nextjs.org/
docs/messages/prerender-e
rror

Error: @supabase/ssr: 
Your project's URL and 
API key are required to 
create a Supabase client!

Check your Supabase 
project's API settings 
to find these values

https://supabase.com/dash
board/project/_/settings/
api
    at rQ (D:\07.API\Quan
lycongviec\.next\server\c
hunks\120.js:37:55872)
    at n (D:\07.API\Quanl
ycongviec\.next\server\ch
unks\9806.js:12:3624)
    at 39561 (D:\07.API\Q
uanlycongviec\.next\serve
r\chunks\2647.js:1:16964)
    at t (D:\07.API\Quanl
ycongviec\.next\server\we
bpack-runtime.js:1:142)
    at 41727 (D:\07.API\Q
uanlycongviec\.next\serve
r\chunks\2647.js:1:1268)
    at Object.t [as 
require] (D:\07.API\Quanl
ycongviec\.next\server\we
bpack-runtime.js:1:142)
    at require (D:\07.API
\Quanlycongviec\node_modu
les\next\dist\compiled\ne
xt-server\app-page.runtim
e.prod.js:17:18811)
    at s (D:\07.API\Quanl
ycongviec\node_modules\ne
xt\dist\compiled\next-ser
ver\app-page.runtime.prod
.js:12:88330)
    at D:\07.API\Quanlyco
ngviec\node_modules\next\
dist\compiled\next-server
\app-page.runtime.prod.js
:12:98875
    at D:\07.API\Quanlyco
ngviec\node_modules\next\
dist\compiled\next-server
\app-page.runtime.prod.js
:12:98962
Error: @supabase/ssr: 
Your project's URL and 
API key are required to 
create a Supabase client!

Check your Supabase 
project's API settings 
to find these values

https://supabase.com/dash
board/project/_/settings/
api
    at rQ (D:\07.API\Quan
lycongviec\.next\server\c
hunks\120.js:37:55872)
    at n (D:\07.API\Quanl
ycongviec\.next\server\ch
unks\9806.js:12:3624)
    at 39561 (D:\07.API\Q
uanlycongviec\.next\serve
r\chunks\2647.js:1:16964)
    at t (D:\07.API\Quanl
ycongviec\.next\server\we
bpack-runtime.js:1:142)
    at 6146 (D:\07.API\Qu
anlycongviec\.next\server
\app\(dashboard)\settings
\accounts\page.js:1:2909)
    at Object.t [as 
require] (D:\07.API\Quanl
ycongviec\.next\server\we
bpack-runtime.js:1:142)
    at require (D:\07.API
\Quanlycongviec\node_modu
les\next\dist\compiled\ne
xt-server\app-page.runtim
e.prod.js:17:18811)
    at s (D:\07.API\Quanl
ycongviec\node_modules\ne
xt\dist\compiled\next-ser
ver\app-page.runtime.prod
.js:12:88330)
    at D:\07.API\Quanlyco
ngviec\node_modules\next\
dist\compiled\next-server
\app-page.runtime.prod.js
:12:98875
    at D:\07.API\Quanlyco
ngviec\node_modules\next\
dist\compiled\next-server
\app-page.runtime.prod.js
:12:98962 {
  digest: '21774312'
}

Error occurred 
prerendering page 
"/settings/accounts". 
Read more: https://nextjs
.org/docs/messages/preren
der-error

Error: @supabase/ssr: 
Your project's URL and 
API key are required to 
create a Supabase client!

Check your Supabase 
project's API settings 
to find these values

https://supabase.com/dash
board/project/_/settings/
api
    at rQ (D:\07.API\Quan
lycongviec\.next\server\c
hunks\120.js:37:55872)
    at n (D:\07.API\Quanl
ycongviec\.next\server\ch
unks\9806.js:12:3624)
    at 39561 (D:\07.API\Q
uanlycongviec\.next\serve
r\chunks\2647.js:1:16964)
    at t (D:\07.API\Quanl
ycongviec\.next\server\we
bpack-runtime.js:1:142)
    at 6146 (D:\07.API\Qu
anlycongviec\.next\server
\app\(dashboard)\settings
\accounts\page.js:1:2909)
    at Object.t [as 
require] (D:\07.API\Quanl
ycongviec\.next\server\we
bpack-runtime.js:1:142)
    at require (D:\07.API
\Quanlycongviec\node_modu
les\next\dist\compiled\ne
xt-server\app-page.runtim
e.prod.js:17:18811)
    at s (D:\07.API\Quanl
ycongviec\node_modules\ne
xt\dist\compiled\next-ser
ver\app-page.runtime.prod
.js:12:88330)
    at D:\07.API\Quanlyco
ngviec\node_modules\next\
dist\compiled\next-server
\app-page.runtime.prod.js
:12:98875
    at D:\07.API\Quanlyco
ngviec\node_modules\next\
dist\compiled\next-server
\app-page.runtime.prod.js
:12:98962
Error: @supabase/ssr: 
Your project's URL and 
API key are required to 
create a Supabase client!

Check your Supabase 
project's API settings 
to find these values

https://supabase.com/dash
board/project/_/settings/
api
    at rQ (D:\07.API\Quan
lycongviec\.next\server\c
hunks\120.js:37:55872)
    at n (D:\07.API\Quanl
ycongviec\.next\server\ch
unks\9806.js:12:3624)
    at 39561 (D:\07.API\Q
uanlycongviec\.next\serve
r\chunks\2647.js:1:16964)
    at t (D:\07.API\Quanl
ycongviec\.next\server\we
bpack-runtime.js:1:142)
    at 89281 (D:\07.API\Q
uanlycongviec\.next\serve
r\app\(dashboard)\setting
s\profile\page.js:1:7009)
    at Object.t [as 
require] (D:\07.API\Quanl
ycongviec\.next\server\we
bpack-runtime.js:1:142)
    at require (D:\07.API
\Quanlycongviec\node_modu
les\next\dist\compiled\ne
xt-server\app-page.runtim
e.prod.js:17:18811)
    at s (D:\07.API\Quanl
ycongviec\node_modules\ne
xt\dist\compiled\next-ser
ver\app-page.runtime.prod
.js:12:88330)
    at D:\07.API\Quanlyco
ngviec\node_modules\next\
dist\compiled\next-server
\app-page.runtime.prod.js
:12:98875
    at D:\07.API\Quanlyco
ngviec\node_modules\next\
dist\compiled\next-server
\app-page.runtime.prod.js
:12:98962 {
  digest: '637235106'
}

Error occurred 
prerendering page 
"/settings/profile". 
Read more: https://nextjs
.org/docs/messages/preren
der-error

Error: @supabase/ssr: 
Your project's URL and 
API key are required to 
create a Supabase client!

Check your Supabase 
project's API settings 
to find these values

https://supabase.com/dash
board/project/_/settings/
api
    at rQ (D:\07.API\Quan
lycongviec\.next\server\c
hunks\120.js:37:55872)
    at n (D:\07.API\Quanl
ycongviec\.next\server\ch
unks\9806.js:12:3624)
    at 39561 (D:\07.API\Q
uanlycongviec\.next\serve
r\chunks\2647.js:1:16964)
    at t (D:\07.API\Quanl
ycongviec\.next\server\we
bpack-runtime.js:1:142)
    at 89281 (D:\07.API\Q
uanlycongviec\.next\serve
r\app\(dashboard)\setting
s\profile\page.js:1:7009)
    at Object.t [as 
require] (D:\07.API\Quanl
ycongviec\.next\server\we
bpack-runtime.js:1:142)
    at require (D:\07.API
\Quanlycongviec\node_modu
les\next\dist\compiled\ne
xt-server\app-page.runtim
e.prod.js:17:18811)
    at s (D:\07.API\Quanl
ycongviec\node_modules\ne
xt\dist\compiled\next-ser
ver\app-page.runtime.prod
.js:12:88330)
    at D:\07.API\Quanlyco
ngviec\node_modules\next\
dist\compiled\next-server
\app-page.runtime.prod.js
:12:98875
    at D:\07.API\Quanlyco
ngviec\node_modules\next\
dist\compiled\next-server
\app-page.runtime.prod.js
:12:98962
Error: @supabase/ssr: 
Your project's URL and 
API key are required to 
create a Supabase client!

Check your Supabase 
project's API settings 
to find these values

https://supabase.com/dash
board/project/_/settings/
api
    at rQ (D:\07.API\Quan
lycongviec\.next\server\c
hunks\120.js:37:55872)
    at n (D:\07.API\Quanl
ycongviec\.next\server\ch
unks\9806.js:12:3624)
    at 39561 (D:\07.API\Q
uanlycongviec\.next\serve
r\chunks\2647.js:1:16964)
    at t (D:\07.API\Quanl
ycongviec\.next\server\we
bpack-runtime.js:1:142)
    at 10978 (D:\07.API\Q
uanlycongviec\.next\serve
r\app\(dashboard)\setting
s\roles\page.js:1:6989)
    at Object.t [as 
require] (D:\07.API\Quanl
ycongviec\.next\server\we
bpack-runtime.js:1:142)
    at require (D:\07.API
\Quanlycongviec\node_modu
les\next\dist\compiled\ne
xt-server\app-page.runtim
e.prod.js:17:18811)
    at s (D:\07.API\Quanl
ycongviec\node_modules\ne
xt\dist\compiled\next-ser
ver\app-page.runtime.prod
.js:12:88330)
    at D:\07.API\Quanlyco
ngviec\node_modules\next\
dist\compiled\next-server
\app-page.runtime.prod.js
:12:98875
    at D:\07.API\Quanlyco
ngviec\node_modules\next\
dist\compiled\next-server
\app-page.runtime.prod.js
:12:98962 {
  digest: '4223572483'
}
Error: @supabase/ssr: 
Your project's URL and 
API key are required to 
create a Supabase client!

Check your Supabase 
project's API settings 
to find these values

https://supabase.com/dash
board/project/_/settings/
api
    at rQ (D:\07.API\Quan
lycongviec\.next\server\c
hunks\120.js:37:55872)
    at n (D:\07.API\Quanl
ycongviec\.next\server\ch
unks\9806.js:12:3624)
    at 39561 (D:\07.API\Q
uanlycongviec\.next\serve
r\chunks\2647.js:1:16964)
    at t (D:\07.API\Quanl
ycongviec\.next\server\we
bpack-runtime.js:1:142)
    at 41727 (D:\07.API\Q
uanlycongviec\.next\serve
r\chunks\2647.js:1:1268)
    at Object.t [as 
require] (D:\07.API\Quanl
ycongviec\.next\server\we
bpack-runtime.js:1:142)
    at require (D:\07.API
\Quanlycongviec\node_modu
les\next\dist\compiled\ne
xt-server\app-page.runtim
e.prod.js:17:18811)
    at s (D:\07.API\Quanl
ycongviec\node_modules\ne
xt\dist\compiled\next-ser
ver\app-page.runtime.prod
.js:12:88330)
    at D:\07.API\Quanlyco
ngviec\node_modules\next\
dist\compiled\next-server
\app-page.runtime.prod.js
:12:98875
    at D:\07.API\Quanlyco
ngviec\node_modules\next\
dist\compiled\next-server
\app-page.runtime.prod.js
:12:98962 {
  digest: '3789137158'
}
Error: @supabase/ssr: 
Your project's URL and 
API key are required to 
create a Supabase client!

Check your Supabase 
project's API settings 
to find these values

https://supabase.com/dash
board/project/_/settings/
api
    at rQ (D:\07.API\Quan
lycongviec\.next\server\c
hunks\120.js:37:55872)
    at n (D:\07.API\Quanl
ycongviec\.next\server\ch
unks\9806.js:12:3624)
    at 1196 (D:\07.API\Qu
anlycongviec\.next\server
\chunks\6652.js:1:15308)
    at t (D:\07.API\Quanl
ycongviec\.next\server\we
bpack-runtime.js:1:142)
    at 76652 (D:\07.API\Q
uanlycongviec\.next\serve
r\chunks\6652.js:1:6405)
    at t (D:\07.API\Quanl
ycongviec\.next\server\we
bpack-runtime.js:1:142)
    at 55895 (D:\07.API\Q
uanlycongviec\.next\serve
r\app\(dashboard)\workflo
ws\new\page.js:1:2295)
    at Object.t [as 
require] (D:\07.API\Quanl
ycongviec\.next\server\we
bpack-runtime.js:1:142)
    at require (D:\07.API
\Quanlycongviec\node_modu
les\next\dist\compiled\ne
xt-server\app-page.runtim
e.prod.js:17:18811)
    at s (D:\07.API\Quanl
ycongviec\node_modules\ne
xt\dist\compiled\next-ser
ver\app-page.runtime.prod
.js:12:88330) {
  digest: '2705389424'
}
Error: @supabase/ssr: 
Your project's URL and 
API key are required to 
create a Supabase client!

Check your Supabase 
project's API settings 
to find these values

https://supabase.com/dash
board/project/_/settings/
api
    at rQ (D:\07.API\Quan
lycongviec\.next\server\c
hunks\120.js:37:55872)
    at n (D:\07.API\Quanl
ycongviec\.next\server\ch
unks\9806.js:12:3624)
    at 39561 (D:\07.API\Q
uanlycongviec\.next\serve
r\chunks\2647.js:1:16964)
    at t (D:\07.API\Quanl
ycongviec\.next\server\we
bpack-runtime.js:1:142)
    at 41727 (D:\07.API\Q
uanlycongviec\.next\serve
r\chunks\2647.js:1:1268)
    at Object.t [as 
require] (D:\07.API\Quanl
ycongviec\.next\server\we
bpack-runtime.js:1:142)
    at require (D:\07.API
\Quanlycongviec\node_modu
les\next\dist\compiled\ne
xt-server\app-page.runtim
e.prod.js:17:18811)
    at s (D:\07.API\Quanl
ycongviec\node_modules\ne
xt\dist\compiled\next-ser
ver\app-page.runtime.prod
.js:12:88330)
    at D:\07.API\Quanlyco
ngviec\node_modules\next\
dist\compiled\next-server
\app-page.runtime.prod.js
:12:98875
    at D:\07.API\Quanlyco
ngviec\node_modules\next\
dist\compiled\next-server
\app-page.runtime.prod.js
:12:98962 {
  digest: '3789137158'
}
Error: @supabase/ssr: 
Your project's URL and 
API key are required to 
create a Supabase client!

Check your Supabase 
project's API settings 
to find these values

https://supabase.com/dash
board/project/_/settings/
api
    at rQ (D:\07.API\Quan
lycongviec\.next\server\c
hunks\120.js:37:55872)
    at n (D:\07.API\Quanl
ycongviec\.next\server\ch
unks\9806.js:12:3624)
    at 1196 (D:\07.API\Qu
anlycongviec\.next\server
\chunks\6652.js:1:15308)
    at t (D:\07.API\Quanl
ycongviec\.next\server\we
bpack-runtime.js:1:142)
    at 95732 (D:\07.API\Q
uanlycongviec\.next\serve
r\app\(dashboard)\workflo
ws\page.js:1:2263)
    at Object.t [as 
require] (D:\07.API\Quanl
ycongviec\.next\server\we
bpack-runtime.js:1:142)
    at require (D:\07.API
\Quanlycongviec\node_modu
les\next\dist\compiled\ne
xt-server\app-page.runtim
e.prod.js:17:18811)
    at s (D:\07.API\Quanl
ycongviec\node_modules\ne
xt\dist\compiled\next-ser
ver\app-page.runtime.prod
.js:12:88330)
    at D:\07.API\Quanlyco
ngviec\node_modules\next\
dist\compiled\next-server
\app-page.runtime.prod.js
:12:98875
    at D:\07.API\Quanlyco
ngviec\node_modules\next\
dist\compiled\next-server
\app-page.runtime.prod.js
:12:98962 {
  digest: '2455847919'
}
Error: @supabase/ssr: 
Your project's URL and 
API key are required to 
create a Supabase client!

Check your Supabase 
project's API settings 
to find these values

https://supabase.com/dash
board/project/_/settings/
api
    at rQ (D:\07.API\Quan
lycongviec\.next\server\c
hunks\120.js:37:55872)
    at n (D:\07.API\Quanl
ycongviec\.next\server\ch
unks\9806.js:12:3624)
    at 39561 (D:\07.API\Q
uanlycongviec\.next\serve
r\chunks\2647.js:1:16964)
    at t (D:\07.API\Quanl
ycongviec\.next\server\we
bpack-runtime.js:1:142)
    at 41727 (D:\07.API\Q
uanlycongviec\.next\serve
r\chunks\2647.js:1:1268)
    at Object.t [as 
require] (D:\07.API\Quanl
ycongviec\.next\server\we
bpack-runtime.js:1:142)
    at require (D:\07.API
\Quanlycongviec\node_modu
les\next\dist\compiled\ne
xt-server\app-page.runtim
e.prod.js:17:18811)
    at s (D:\07.API\Quanl
ycongviec\node_modules\ne
xt\dist\compiled\next-ser
ver\app-page.runtime.prod
.js:12:88330)
    at D:\07.API\Quanlyco
ngviec\node_modules\next\
dist\compiled\next-server
\app-page.runtime.prod.js
:12:98875
    at D:\07.API\Quanlyco
ngviec\node_modules\next\
dist\compiled\next-server
\app-page.runtime.prod.js
:12:98962 {
  digest: '3789137158'
}
Error: @supabase/ssr: 
Your project's URL and 
API key are required to 
create a Supabase client!

Check your Supabase 
project's API settings 
to find these values

https://supabase.com/dash
board/project/_/settings/
api
    at rQ (D:\07.API\Quan
lycongviec\.next\server\c
hunks\120.js:37:55872)
    at n (D:\07.API\Quanl
ycongviec\.next\server\ch
unks\9806.js:12:3624)
    at 68979 (D:\07.API\Q
uanlycongviec\.next\serve
r\app\(dashboard)\setting
s\templates\page.js:1:710
2)
    at Object.t [as 
require] (D:\07.API\Quanl
ycongviec\.next\server\we
bpack-runtime.js:1:142)
    at require (D:\07.API
\Quanlycongviec\node_modu
les\next\dist\compiled\ne
xt-server\app-page.runtim
e.prod.js:17:18811)
    at s (D:\07.API\Quanl
ycongviec\node_modules\ne
xt\dist\compiled\next-ser
ver\app-page.runtime.prod
.js:12:88330)
    at D:\07.API\Quanlyco
ngviec\node_modules\next\
dist\compiled\next-server
\app-page.runtime.prod.js
:12:98875
    at D:\07.API\Quanlyco
ngviec\node_modules\next\
dist\compiled\next-server
\app-page.runtime.prod.js
:12:98962
    at t (D:\07.API\Quanl
ycongviec\node_modules\ne
xt\dist\compiled\next-ser
ver\app-page.runtime.prod
.js:12:99165) {
  digest: '3831999237'
}

Error occurred 
prerendering page 
"/settings/security". 
Read more: https://nextjs
.org/docs/messages/preren
der-error

Error: @supabase/ssr: 
Your project's URL and 
API key are required to 
create a Supabase client!

Check your Supabase 
project's API settings 
to find these values

https://supabase.com/dash
board/project/_/settings/
api
    at rQ (D:\07.API\Quan
lycongviec\.next\server\c
hunks\120.js:37:55872)
    at n (D:\07.API\Quanl
ycongviec\.next\server\ch
unks\9806.js:12:3624)
    at 39561 (D:\07.API\Q
uanlycongviec\.next\serve
r\chunks\2647.js:1:16964)
    at t (D:\07.API\Quanl
ycongviec\.next\server\we
bpack-runtime.js:1:142)
    at 41727 (D:\07.API\Q
uanlycongviec\.next\serve
r\chunks\2647.js:1:1268)
    at Object.t [as 
require] (D:\07.API\Quanl
ycongviec\.next\server\we
bpack-runtime.js:1:142)
    at require (D:\07.API
\Quanlycongviec\node_modu
les\next\dist\compiled\ne
xt-server\app-page.runtim
e.prod.js:17:18811)
    at s (D:\07.API\Quanl
ycongviec\node_modules\ne
xt\dist\compiled\next-ser
ver\app-page.runtime.prod
.js:12:88330)
    at D:\07.API\Quanlyco
ngviec\node_modules\next\
dist\compiled\next-server
\app-page.runtime.prod.js
:12:98875
    at D:\07.API\Quanlyco
ngviec\node_modules\next\
dist\compiled\next-server
\app-page.runtime.prod.js
:12:98962

Error occurred 
prerendering page 
"/settings/roles". Read 
more: https://nextjs.org/
docs/messages/prerender-e
rror

Error: @supabase/ssr: 
Your project's URL and 
API key are required to 
create a Supabase client!

Check your Supabase 
project's API settings 
to find these values

https://supabase.com/dash
board/project/_/settings/
api
    at rQ (D:\07.API\Quan
lycongviec\.next\server\c
hunks\120.js:37:55872)
    at n (D:\07.API\Quanl
ycongviec\.next\server\ch
unks\9806.js:12:3624)
    at 39561 (D:\07.API\Q
uanlycongviec\.next\serve
r\chunks\2647.js:1:16964)
    at t (D:\07.API\Quanl
ycongviec\.next\server\we
bpack-runtime.js:1:142)
    at 10978 (D:\07.API\Q
uanlycongviec\.next\serve
r\app\(dashboard)\setting
s\roles\page.js:1:6989)
    at Object.t [as 
require] (D:\07.API\Quanl
ycongviec\.next\server\we
bpack-runtime.js:1:142)
    at require (D:\07.API
\Quanlycongviec\node_modu
les\next\dist\compiled\ne
xt-server\app-page.runtim
e.prod.js:17:18811)
    at s (D:\07.API\Quanl
ycongviec\node_modules\ne
xt\dist\compiled\next-ser
ver\app-page.runtime.prod
.js:12:88330)
    at D:\07.API\Quanlyco
ngviec\node_modules\next\
dist\compiled\next-server
\app-page.runtime.prod.js
:12:98875
    at D:\07.API\Quanlyco
ngviec\node_modules\next\
dist\compiled\next-server
\app-page.runtime.prod.js
:12:98962

Error occurred 
prerendering page 
"/settings/templates". 
Read more: https://nextjs
.org/docs/messages/preren
der-error

Error: @supabase/ssr: 
Your project's URL and 
API key are required to 
create a Supabase client!

Check your Supabase 
project's API settings 
to find these values

https://supabase.com/dash
board/project/_/settings/
api
    at rQ (D:\07.API\Quan
lycongviec\.next\server\c
hunks\120.js:37:55872)
    at n (D:\07.API\Quanl
ycongviec\.next\server\ch
unks\9806.js:12:3624)
    at 68979 (D:\07.API\Q
uanlycongviec\.next\serve
r\app\(dashboard)\setting
s\templates\page.js:1:710
2)
    at Object.t [as 
require] (D:\07.API\Quanl
ycongviec\.next\server\we
bpack-runtime.js:1:142)
    at require (D:\07.API
\Quanlycongviec\node_modu
les\next\dist\compiled\ne
xt-server\app-page.runtim
e.prod.js:17:18811)
    at s (D:\07.API\Quanl
ycongviec\node_modules\ne
xt\dist\compiled\next-ser
ver\app-page.runtime.prod
.js:12:88330)
    at D:\07.API\Quanlyco
ngviec\node_modules\next\
dist\compiled\next-server
\app-page.runtime.prod.js
:12:98875
    at D:\07.API\Quanlyco
ngviec\node_modules\next\
dist\compiled\next-server
\app-page.runtime.prod.js
:12:98962
    at t (D:\07.API\Quanl
ycongviec\node_modules\ne
xt\dist\compiled\next-ser
ver\app-page.runtime.prod
.js:12:99165)

Error occurred 
prerendering page 
"/workflows". Read more: 
https://nextjs.org/docs/m
essages/prerender-error

Error: @supabase/ssr: 
Your project's URL and 
API key are required to 
create a Supabase client!

Check your Supabase 
project's API settings 
to find these values

https://supabase.com/dash
board/project/_/settings/
api
    at rQ (D:\07.API\Quan
lycongviec\.next\server\c
hunks\120.js:37:55872)
    at n (D:\07.API\Quanl
ycongviec\.next\server\ch
unks\9806.js:12:3624)
    at 1196 (D:\07.API\Qu
anlycongviec\.next\server
\chunks\6652.js:1:15308)
    at t (D:\07.API\Quanl
ycongviec\.next\server\we
bpack-runtime.js:1:142)
    at 95732 (D:\07.API\Q
uanlycongviec\.next\serve
r\app\(dashboard)\workflo
ws\page.js:1:2263)
    at Object.t [as 
require] (D:\07.API\Quanl
ycongviec\.next\server\we
bpack-runtime.js:1:142)
    at require (D:\07.API
\Quanlycongviec\node_modu
les\next\dist\compiled\ne
xt-server\app-page.runtim
e.prod.js:17:18811)
    at s (D:\07.API\Quanl
ycongviec\node_modules\ne
xt\dist\compiled\next-ser
ver\app-page.runtime.prod
.js:12:88330)
    at D:\07.API\Quanlyco
ngviec\node_modules\next\
dist\compiled\next-server
\app-page.runtime.prod.js
:12:98875
    at D:\07.API\Quanlyco
ngviec\node_modules\next\
dist\compiled\next-server
\app-page.runtime.prod.js
:12:98962

Error occurred 
prerendering page 
"/tasks/templates". Read 
more: https://nextjs.org/
docs/messages/prerender-e
rror

Error: @supabase/ssr: 
Your project's URL and 
API key are required to 
create a Supabase client!

Check your Supabase 
project's API settings 
to find these values

https://supabase.com/dash
board/project/_/settings/
api
    at rQ (D:\07.API\Quan
lycongviec\.next\server\c
hunks\120.js:37:55872)
    at n (D:\07.API\Quanl
ycongviec\.next\server\ch
unks\9806.js:12:3624)
    at 39561 (D:\07.API\Q
uanlycongviec\.next\serve
r\chunks\2647.js:1:16964)
    at t (D:\07.API\Quanl
ycongviec\.next\server\we
bpack-runtime.js:1:142)
    at 41727 (D:\07.API\Q
uanlycongviec\.next\serve
r\chunks\2647.js:1:1268)
    at Object.t [as 
require] (D:\07.API\Quanl
ycongviec\.next\server\we
bpack-runtime.js:1:142)
    at require (D:\07.API
\Quanlycongviec\node_modu
les\next\dist\compiled\ne
xt-server\app-page.runtim
e.prod.js:17:18811)
    at s (D:\07.API\Quanl
ycongviec\node_modules\ne
xt\dist\compiled\next-ser
ver\app-page.runtime.prod
.js:12:88330)
    at D:\07.API\Quanlyco
ngviec\node_modules\next\
dist\compiled\next-server
\app-page.runtime.prod.js
:12:98875
    at D:\07.API\Quanlyco
ngviec\node_modules\next\
dist\compiled\next-server
\app-page.runtime.prod.js
:12:98962
Error: @supabase/ssr: 
Your project's URL and 
API key are required to 
create a Supabase client!

Check your Supabase 
project's API settings 
to find these values

https://supabase.com/dash
board/project/_/settings/
api
    at rQ (D:\07.API\Quan
lycongviec\.next\server\c
hunks\120.js:37:55872)
    at n (D:\07.API\Quanl
ycongviec\.next\server\ch
unks\9806.js:12:3624)
    at 39561 (D:\07.API\Q
uanlycongviec\.next\serve
r\chunks\2647.js:1:16964)
    at t (D:\07.API\Quanl
ycongviec\.next\server\we
bpack-runtime.js:1:142)
    at 53081 (D:\07.API\Q
uanlycongviec\.next\serve
r\app\(dashboard)\reports
\allocation-summary\page.
js:1:2362)
    at Object.t [as 
require] (D:\07.API\Quanl
ycongviec\.next\server\we
bpack-runtime.js:1:142)
    at require (D:\07.API
\Quanlycongviec\node_modu
les\next\dist\compiled\ne
xt-server\app-page.runtim
e.prod.js:17:18811)
    at s (D:\07.API\Quanl
ycongviec\node_modules\ne
xt\dist\compiled\next-ser
ver\app-page.runtime.prod
.js:12:88330)
    at D:\07.API\Quanlyco
ngviec\node_modules\next\
dist\compiled\next-server
\app-page.runtime.prod.js
:12:98875
    at D:\07.API\Quanlyco
ngviec\node_modules\next\
dist\compiled\next-server
\app-page.runtime.prod.js
:12:98962 {
  digest: '3038042478'
}
Error: @supabase/ssr: 
Your project's URL and 
API key are required to 
create a Supabase client!

Check your Supabase 
project's API settings 
to find these values

https://supabase.com/dash
board/project/_/settings/
api
    at rQ (D:\07.API\Quan
lycongviec\.next\server\c
hunks\120.js:37:55872)
    at n (D:\07.API\Quanl
ycongviec\.next\server\ch
unks\9806.js:12:3624)
    at 59919 (D:\07.API\Q
uanlycongviec\.next\serve
r\chunks\9806.js:1:2072)
    at t (D:\07.API\Quanl
ycongviec\.next\server\we
bpack-runtime.js:1:142)
    at 48725 (D:\07.API\Q
uanlycongviec\.next\serve
r\app\(dashboard)\tasks\p
age.js:1:2431)
    at Object.t [as 
require] (D:\07.API\Quanl
ycongviec\.next\server\we
bpack-runtime.js:1:142)
    at require (D:\07.API
\Quanlycongviec\node_modu
les\next\dist\compiled\ne
xt-server\app-page.runtim
e.prod.js:17:18811)
    at s (D:\07.API\Quanl
ycongviec\node_modules\ne
xt\dist\compiled\next-ser
ver\app-page.runtime.prod
.js:12:88330)
    at D:\07.API\Quanlyco
ngviec\node_modules\next\
dist\compiled\next-server
\app-page.runtime.prod.js
:12:98875
    at D:\07.API\Quanlyco
ngviec\node_modules\next\
dist\compiled\next-server
\app-page.runtime.prod.js
:12:98962 {
  digest: '3621670460'
}
Error: @supabase/ssr: 
Your project's URL and 
API key are required to 
create a Supabase client!

Check your Supabase 
project's API settings 
to find these values

https://supabase.com/dash
board/project/_/settings/
api
    at rQ (D:\07.API\Quan
lycongviec\.next\server\c
hunks\120.js:37:55872)
    at n (D:\07.API\Quanl
ycongviec\.next\server\ch
unks\9806.js:12:3624)
    at 59919 (D:\07.API\Q
uanlycongviec\.next\serve
r\chunks\9806.js:1:2072)
    at t (D:\07.API\Quanl
ycongviec\.next\server\we
bpack-runtime.js:1:142)
    at 61137 (D:\07.API\Q
uanlycongviec\.next\serve
r\app\(dashboard)\reports
\progress\page.js:1:2303)
    at Object.t [as 
require] (D:\07.API\Quanl
ycongviec\.next\server\we
bpack-runtime.js:1:142)
    at require (D:\07.API
\Quanlycongviec\node_modu
les\next\dist\compiled\ne
xt-server\app-page.runtim
e.prod.js:17:18811)
    at s (D:\07.API\Quanl
ycongviec\node_modules\ne
xt\dist\compiled\next-ser
ver\app-page.runtime.prod
.js:12:88330)
    at D:\07.API\Quanlyco
ngviec\node_modules\next\
dist\compiled\next-server
\app-page.runtime.prod.js
:12:98875
    at D:\07.API\Quanlyco
ngviec\node_modules\next\
dist\compiled\next-server
\app-page.runtime.prod.js
:12:98962 {
  digest: '2457585334'
}

Error occurred 
prerendering page 
"/reports/progress". 
Read more: https://nextjs
.org/docs/messages/preren
der-error

Error: @supabase/ssr: 
Your project's URL and 
API key are required to 
create a Supabase client!

Check your Supabase 
project's API settings 
to find these values

https://supabase.com/dash
board/project/_/settings/
api
    at rQ (D:\07.API\Quan
lycongviec\.next\server\c
hunks\120.js:37:55872)
    at n (D:\07.API\Quanl
ycongviec\.next\server\ch
unks\9806.js:12:3624)
    at 59919 (D:\07.API\Q
uanlycongviec\.next\serve
r\chunks\9806.js:1:2072)
    at t (D:\07.API\Quanl
ycongviec\.next\server\we
bpack-runtime.js:1:142)
    at 61137 (D:\07.API\Q
uanlycongviec\.next\serve
r\app\(dashboard)\reports
\progress\page.js:1:2303)
    at Object.t [as 
require] (D:\07.API\Quanl
ycongviec\.next\server\we
bpack-runtime.js:1:142)
    at require (D:\07.API
\Quanlycongviec\node_modu
les\next\dist\compiled\ne
xt-server\app-page.runtim
e.prod.js:17:18811)
    at s (D:\07.API\Quanl
ycongviec\node_modules\ne
xt\dist\compiled\next-ser
ver\app-page.runtime.prod
.js:12:88330)
    at D:\07.API\Quanlyco
ngviec\node_modules\next\
dist\compiled\next-server
\app-page.runtime.prod.js
:12:98875
    at D:\07.API\Quanlyco
ngviec\node_modules\next\
dist\compiled\next-server
\app-page.runtime.prod.js
:12:98962

Error occurred 
prerendering page 
"/workflows/new". Read 
more: https://nextjs.org/
docs/messages/prerender-e
rror

Error: @supabase/ssr: 
Your project's URL and 
API key are required to 
create a Supabase client!

Check your Supabase 
project's API settings 
to find these values

https://supabase.com/dash
board/project/_/settings/
api
    at rQ (D:\07.API\Quan
lycongviec\.next\server\c
hunks\120.js:37:55872)
    at n (D:\07.API\Quanl
ycongviec\.next\server\ch
unks\9806.js:12:3624)
    at 1196 (D:\07.API\Qu
anlycongviec\.next\server
\chunks\6652.js:1:15308)
    at t (D:\07.API\Quanl
ycongviec\.next\server\we
bpack-runtime.js:1:142)
    at 76652 (D:\07.API\Q
uanlycongviec\.next\serve
r\chunks\6652.js:1:6405)
    at t (D:\07.API\Quanl
ycongviec\.next\server\we
bpack-runtime.js:1:142)
    at 55895 (D:\07.API\Q
uanlycongviec\.next\serve
r\app\(dashboard)\workflo
ws\new\page.js:1:2295)
    at Object.t [as 
require] (D:\07.API\Quanl
ycongviec\.next\server\we
bpack-runtime.js:1:142)
    at require (D:\07.API
\Quanlycongviec\node_modu
les\next\dist\compiled\ne
xt-server\app-page.runtim
e.prod.js:17:18811)
    at s (D:\07.API\Quanl
ycongviec\node_modules\ne
xt\dist\compiled\next-ser
ver\app-page.runtime.prod
.js:12:88330)

Error occurred 
prerendering page 
"/settings". Read more: h
ttps://nextjs.org/docs/me
ssages/prerender-error

Error: @supabase/ssr: 
Your project's URL and 
API key are required to 
create a Supabase client!

Check your Supabase 
project's API settings 
to find these values

https://supabase.com/dash
board/project/_/settings/
api
    at rQ (D:\07.API\Quan
lycongviec\.next\server\c
hunks\120.js:37:55872)
    at n (D:\07.API\Quanl
ycongviec\.next\server\ch
unks\9806.js:12:3624)
    at 39561 (D:\07.API\Q
uanlycongviec\.next\serve
r\chunks\2647.js:1:16964)
    at t (D:\07.API\Quanl
ycongviec\.next\server\we
bpack-runtime.js:1:142)
    at 41727 (D:\07.API\Q
uanlycongviec\.next\serve
r\chunks\2647.js:1:1268)
    at Object.t [as 
require] (D:\07.API\Quanl
ycongviec\.next\server\we
bpack-runtime.js:1:142)
    at require (D:\07.API
\Quanlycongviec\node_modu
les\next\dist\compiled\ne
xt-server\app-page.runtim
e.prod.js:17:18811)
    at s (D:\07.API\Quanl
ycongviec\node_modules\ne
xt\dist\compiled\next-ser
ver\app-page.runtime.prod
.js:12:88330)
    at D:\07.API\Quanlyco
ngviec\node_modules\next\
dist\compiled\next-server
\app-page.runtime.prod.js
:12:98875
    at D:\07.API\Quanlyco
ngviec\node_modules\next\
dist\compiled\next-server
\app-page.runtime.prod.js
:12:98962
Error: @supabase/ssr: 
Your project's URL and 
API key are required to 
create a Supabase client!

Check your Supabase 
project's API settings 
to find these values

https://supabase.com/dash
board/project/_/settings/
api
    at rQ (D:\07.API\Quan
lycongviec\.next\server\c
hunks\120.js:37:55872)
    at n (D:\07.API\Quanl
ycongviec\.next\server\ch
unks\9806.js:12:3624)
    at 59919 (D:\07.API\Q
uanlycongviec\.next\serve
r\chunks\9806.js:1:2072)
    at t (D:\07.API\Quanl
ycongviec\.next\server\we
bpack-runtime.js:1:142)
    at 83272 (D:\07.API\Q
uanlycongviec\.next\serve
r\app\(dashboard)\reports
\kpi-summary\page.js:1:24
21)
    at Object.t [as 
require] (D:\07.API\Quanl
ycongviec\.next\server\we
bpack-runtime.js:1:142)
    at require (D:\07.API
\Quanlycongviec\node_modu
les\next\dist\compiled\ne
xt-server\app-page.runtim
e.prod.js:17:18811)
    at s (D:\07.API\Quanl
ycongviec\node_modules\ne
xt\dist\compiled\next-ser
ver\app-page.runtime.prod
.js:12:88330)
    at D:\07.API\Quanlyco
ngviec\node_modules\next\
dist\compiled\next-server
\app-page.runtime.prod.js
:12:98875
    at D:\07.API\Quanlyco
ngviec\node_modules\next\
dist\compiled\next-server
\app-page.runtime.prod.js
:12:98962 {
  digest: '2595800561'
}

Error occurred 
prerendering page 
"/reports/kpi-summary". 
Read more: https://nextjs
.org/docs/messages/preren
der-error

Error: @supabase/ssr: 
Your project's URL and 
API key are required to 
create a Supabase client!

Check your Supabase 
project's API settings 
to find these values

https://supabase.com/dash
board/project/_/settings/
api
    at rQ (D:\07.API\Quan
lycongviec\.next\server\c
hunks\120.js:37:55872)
    at n (D:\07.API\Quanl
ycongviec\.next\server\ch
unks\9806.js:12:3624)
    at 59919 (D:\07.API\Q
uanlycongviec\.next\serve
r\chunks\9806.js:1:2072)
    at t (D:\07.API\Quanl
ycongviec\.next\server\we
bpack-runtime.js:1:142)
    at 83272 (D:\07.API\Q
uanlycongviec\.next\serve
r\app\(dashboard)\reports
\kpi-summary\page.js:1:24
21)
    at Object.t [as 
require] (D:\07.API\Quanl
ycongviec\.next\server\we
bpack-runtime.js:1:142)
    at require (D:\07.API
\Quanlycongviec\node_modu
les\next\dist\compiled\ne
xt-server\app-page.runtim
e.prod.js:17:18811)
    at s (D:\07.API\Quanl
ycongviec\node_modules\ne
xt\dist\compiled\next-ser
ver\app-page.runtime.prod
.js:12:88330)
    at D:\07.API\Quanlyco
ngviec\node_modules\next\
dist\compiled\next-server
\app-page.runtime.prod.js
:12:98875
    at D:\07.API\Quanlyco
ngviec\node_modules\next\
dist\compiled\next-server
\app-page.runtime.prod.js
:12:98962

Error occurred 
prerendering page 
"/tasks". Read more: http
s://nextjs.org/docs/messa
ges/prerender-error

Error: @supabase/ssr: 
Your project's URL and 
API key are required to 
create a Supabase client!

Check your Supabase 
project's API settings 
to find these values

https://supabase.com/dash
board/project/_/settings/
api
    at rQ (D:\07.API\Quan
lycongviec\.next\server\c
hunks\120.js:37:55872)
    at n (D:\07.API\Quanl
ycongviec\.next\server\ch
unks\9806.js:12:3624)
    at 59919 (D:\07.API\Q
uanlycongviec\.next\serve
r\chunks\9806.js:1:2072)
    at t (D:\07.API\Quanl
ycongviec\.next\server\we
bpack-runtime.js:1:142)
    at 48725 (D:\07.API\Q
uanlycongviec\.next\serve
r\app\(dashboard)\tasks\p
age.js:1:2431)
    at Object.t [as 
require] (D:\07.API\Quanl
ycongviec\.next\server\we
bpack-runtime.js:1:142)
    at require (D:\07.API
\Quanlycongviec\node_modu
les\next\dist\compiled\ne
xt-server\app-page.runtim
e.prod.js:17:18811)
    at s (D:\07.API\Quanl
ycongviec\node_modules\ne
xt\dist\compiled\next-ser
ver\app-page.runtime.prod
.js:12:88330)
    at D:\07.API\Quanlyco
ngviec\node_modules\next\
dist\compiled\next-server
\app-page.runtime.prod.js
:12:98875
    at D:\07.API\Quanlyco
ngviec\node_modules\next\
dist\compiled\next-server
\app-page.runtime.prod.js
:12:98962

Error occurred 
prerendering page "/repor
ts/allocation-summary". 
Read more: https://nextjs
.org/docs/messages/preren
der-error

Error: @supabase/ssr: 
Your project's URL and 
API key are required to 
create a Supabase client!

Check your Supabase 
project's API settings 
to find these values

https://supabase.com/dash
board/project/_/settings/
api
    at rQ (D:\07.API\Quan
lycongviec\.next\server\c
hunks\120.js:37:55872)
    at n (D:\07.API\Quanl
ycongviec\.next\server\ch
unks\9806.js:12:3624)
    at 39561 (D:\07.API\Q
uanlycongviec\.next\serve
r\chunks\2647.js:1:16964)
    at t (D:\07.API\Quanl
ycongviec\.next\server\we
bpack-runtime.js:1:142)
    at 53081 (D:\07.API\Q
uanlycongviec\.next\serve
r\app\(dashboard)\reports
\allocation-summary\page.
js:1:2362)
    at Object.t [as 
require] (D:\07.API\Quanl
ycongviec\.next\server\we
bpack-runtime.js:1:142)
    at require (D:\07.API
\Quanlycongviec\node_modu
les\next\dist\compiled\ne
xt-server\app-page.runtim
e.prod.js:17:18811)
    at s (D:\07.API\Quanl
ycongviec\node_modules\ne
xt\dist\compiled\next-ser
ver\app-page.runtime.prod
.js:12:88330)
    at D:\07.API\Quanlyco
ngviec\node_modules\next\
dist\compiled\next-server
\app-page.runtime.prod.js
:12:98875
    at D:\07.API\Quanlyco
ngviec\node_modules\next\
dist\compiled\next-server
\app-page.runtime.prod.js
:12:98962
Error: @supabase/ssr: 
Your project's URL and 
API key are required to 
create a Supabase client!

Check your Supabase 
project's API settings 
to find these values

https://supabase.com/dash
board/project/_/settings/
api
    at rQ (D:\07.API\Quan
lycongviec\.next\server\c
hunks\120.js:37:55872)
    at n (D:\07.API\Quanl
ycongviec\.next\server\ch
unks\9806.js:12:3624)
    at 59919 (D:\07.API\Q
uanlycongviec\.next\serve
r\chunks\9806.js:1:2072)
    at t (D:\07.API\Quanl
ycongviec\.next\server\we
bpack-runtime.js:1:142)
    at 60875 (D:\07.API\Q
uanlycongviec\.next\serve
r\app\(dashboard)\reports
\page.js:1:2272)
    at Object.t [as 
require] (D:\07.API\Quanl
ycongviec\.next\server\we
bpack-runtime.js:1:142)
    at require (D:\07.API
\Quanlycongviec\node_modu
les\next\dist\compiled\ne
xt-server\app-page.runtim
e.prod.js:17:18811)
    at s (D:\07.API\Quanl
ycongviec\node_modules\ne
xt\dist\compiled\next-ser
ver\app-page.runtime.prod
.js:12:88330)
    at D:\07.API\Quanlyco
ngviec\node_modules\next\
dist\compiled\next-server
\app-page.runtime.prod.js
:12:98875
    at D:\07.API\Quanlyco
ngviec\node_modules\next\
dist\compiled\next-server
\app-page.runtime.prod.js
:12:98962 {
  digest: '1175228286'
}

Error occurred 
prerendering page 
"/reports". Read more: ht
tps://nextjs.org/docs/mes
sages/prerender-error

Error: @supabase/ssr: 
Your project's URL and 
API key are required to 
create a Supabase client!

Check your Supabase 
project's API settings 
to find these values

https://supabase.com/dash
board/project/_/settings/
api
    at rQ (D:\07.API\Quan
lycongviec\.next\server\c
hunks\120.js:37:55872)
    at n (D:\07.API\Quanl
ycongviec\.next\server\ch
unks\9806.js:12:3624)
    at 59919 (D:\07.API\Q
uanlycongviec\.next\serve
r\chunks\9806.js:1:2072)
    at t (D:\07.API\Quanl
ycongviec\.next\server\we
bpack-runtime.js:1:142)
    at 60875 (D:\07.API\Q
uanlycongviec\.next\serve
r\app\(dashboard)\reports
\page.js:1:2272)
    at Object.t [as 
require] (D:\07.API\Quanl
ycongviec\.next\server\we
bpack-runtime.js:1:142)
    at require (D:\07.API
\Quanlycongviec\node_modu
les\next\dist\compiled\ne
xt-server\app-page.runtim
e.prod.js:17:18811)
    at s (D:\07.API\Quanl
ycongviec\node_modules\ne
xt\dist\compiled\next-ser
ver\app-page.runtime.prod
.js:12:88330)
    at D:\07.API\Quanlyco
ngviec\node_modules\next\
dist\compiled\next-server
\app-page.runtime.prod.js
:12:98875
    at D:\07.API\Quanlyco
ngviec\node_modules\next\
dist\compiled\next-server
\app-page.runtime.prod.js
:12:98962
 Γ£ô Generating static pages (52/52)

> Export encountered 
errors on following 
paths:
	/(auth)/accept-invite/pa
ge: /accept-invite
	/(auth)/forgot-password/
page: /forgot-password
	/(auth)/login/page: 
/login
	/(auth)/register/page: 
/register
	/(dashboard)/goals/new/p
age: /goals/new
	
/(dashboard)/goals/page: 
/goals
	/(dashboard)/kpi/allocat
ion/new/page: 
/kpi/allocation/new
	/(dashboard)/kpi/allocat
ion/page: /kpi/allocation
	/(dashboard)/kpi/config/
page: /kpi/config
	/(dashboard)/kpi/evaluat
ion/page: /kpi/evaluation
	/(dashboard)/kpi/page: 
/kpi
	/(dashboard)/kpi/records
/page: /kpi/records
	/(dashboard)/notificatio
ns/page: /notifications
	/(dashboard)/page: /
	/(dashboard)/projects/ne
w/page: /projects/new
	/(dashboard)/projects/pa
ge: /projects
	/(dashboard)/reports/all
ocation-summary/page: /re
ports/allocation-summary
	/(dashboard)/reports/cus
tom/page: /reports/custom
	/(dashboard)/reports/kpi
-summary/page: 
/reports/kpi-summary
	/(dashboard)/reports/pag
e: /reports
	/(dashboard)/reports/pro
gress/page: 
/reports/progress
	/(dashboard)/settings/ac
counts/page: 
/settings/accounts
	/(dashboard)/settings/de
partments/page: 
/settings/departments
	/(dashboard)/settings/kp
i/page: /settings/kpi
	/(dashboard)/settings/no
tifications/page: 
/settings/notifications
	/(dashboard)/settings/or
ganization/page: 
/settings/organization
	/(dashboard)/settings/pa
ge: /settings
	/(dashboard)/settings/pr
ofile/page: 
/settings/profile
	/(dashboard)/settings/ro
les/page: /settings/roles
	/(dashboard)/settings/se
curity/page: 
/settings/security
	/(dashboard)/settings/te
ams/page: /settings/teams
	/(dashboard)/settings/te
mplates/page: 
/settings/templates
	
/(dashboard)/tasks/page: 
/tasks
	/(dashboard)/tasks/templ
ates/page: 
/tasks/templates
	/(dashboard)/workflows/n
ew/page: /workflows/new
	/(dashboard)/workflows/p
age: /workflows
	/_not-found/page: 
/_not-found
